GSV
GSV
GSV
GSV
GSV
GSV
GSV
GSA
VTG
RMC
GGA
GSV
GSV
GSV
GSV
GSV
GSV
GSV
GSA
VTG
RMC
GGA
GSV
GSV
GSV
GSV
GSV
GSV
GSV
GSA
VTG
RMC
GGA
GSV
GSV
GSV
GSV
GSV
GSV
GSV
GSA
VTG
RMC
GGA
GSV
GSV
GSV
GSV
GSV
GSV
GSV
GSA
VTG
RMC
GGA
GSV
GSV
GSV
GSV
GSV
GSV
GSV
GSA
VTG
RMC
GGA
GSV
GSV
GSV
GSV
GSV
GSV
GSV
GSA
VTG
RMC
GGA
GSV
GSV
GSV
GSV
GSV
GSV
GSV
GSA
VTG
RMC
GGA
GSV
GSV
GSV
GSV
GSV
GSV
GSV
GSA
VTG
RMC
GGA
GSV
GSV
GSV
GSV
GSV
GSV
GSV
GSA
VTG
RMC
GGA
GSV
GSV
GSV
GSV
GSV
GSV
GSV
GSA
VTG
RMC
GGA
GSV
GSV
GSV
GSV
GSV
GSV
GSV
GSA
VTG
RMC
GGA
GSV
GSV
GSV
GSV
GSV
GSV
GSV
GSA
VTG
RMC
GGA
GSV
GSV
GSV
GSV
GSV
GSV
GSV
GSA
VTG
RMC
GGA
GSV
GSV
GSV
GSV
GSV
GSV
GSV
GSA
VTG
RMC
GGA
GSV
GSV
GSV
GSV
GSV
GSV
GSV
GSA
VTG
RMC
GGA
GSV
GSV
GSV
GSV
GSV
GSV
GSV
GSA
VTG
RMC
GGA
GSV
GSV
GSV
GSV
GSV
GSV
GSV
GSA
VTG
RMC
GGA
GSV
GSV
GSV
GSV
GSV
GSV
GSA
VTG
RMC
GGA
GSV
GSV
GSV
GSV
GSV
GSV
GSV
GSA
VTG
RMC
GGA
GSV
GSV
GSV
GSV
GSV
GSV
GSV
GSA
VTG
RMC
GGA
GSV
GSV
GSV
GSV
GSV
GSV
GSV
GSA
VTG
RMC
GGA
GSV
GSV
GSV
GSV
GSV
GSV
GSV
GSA
VTG
RMC
GGA
GSV
GSV
GSV
GSV
GSV
GSV
GSV
GSA
VTG
RMC
GGA
GSV
GSV
GSV
GSV
GSV
GSV
GSV
GSA
VTG
RMC
GGA
GSV
GSV
GSV
GSV
GSV
GSV
GSV
GSA
VTG
RMC
GGA
GSV
GSV
GSV
GSV
GSV
GSV
GSV
GSA
VTG
RMC
GGA
GSV
GSV
GSV
GSV
GSV
GSV
GSV
GSA
VTG
RMC
GGA
GSV
GSV
GSV
GSV
GSV
GSV
GSV
GSA
VTG
RMC
GGA
GSV
GSV
GSV
GSV
GSV
GSV
GSA
VTG
RMC
GGA
GSV
GSV
GSV
GSV
GSV
GSV
GSV
GSA
VTG
RMC
GGA
GSV
GSV
GSV
GSV
GSV
GSV
GSV
GSA
VTG
RMC
GGA
GSV
GSV
GSV
GSV
GSV
GSV
GSV
GSA
VTG
RMC
GGA
GSV
GSV
GSV
GSV
GSV
GSV
GSV
GSA
VTG
RMC
GGA
GSV
GSV
GSV
GSV
GSV
GSV
GSV
GSA
VTG
RMC
GGA
GSV
GSV
GSV
GSV
GSV
GSV
GSV
GSA
VTG
RMC
GGA
GSV
GSV
GSV
GSV
GSV
GSV
GSV
GSA
VTG
RMC
GGA
GSV
GSV
GSV
GSV
GSV
GSV
GSV
GSA
VTG
RMC
GGA
GSV
GSV
GSV
GSV
GSV
GSV
GSV
GSA
VTG
RMC
GGA
GSV
GSV
GSV
GSV
GSV
GSV
GSV
GSA
VTG
RMC
GGA
GSV
GSV
GSV
GSV
GSV
GSV
GSV
GSA
VTG
RMC
GGA
GSV
GSV
GSV
GSV
GSV
GSV
GSV
GSA
VTG
RMC
GGA
GSV
GSV
GSV
GSV
GSV
GSV
GSV
GSA
VTG
RMC
GGA
GSV
GSV
GSV
GSV
GSV
GSV
GSV
GSA
VTG
RMC
GGA
GSV
GSV
GSV
GSV
GSV
GSV
GSV
GSA
VTG
RMC
GGA
GSV
GSV
GSV
GSV
GSV
GSV
GSV
GSA
VTG
RMC
GGA
GSV
GSV
GSV
GSV
GSV
GSV
GSV
GSA
VTG
RMC
GGA
GSV
GSV
GSV
GSV
GSV
GSV
GSV
GSA
VTG
RMC
GGA
GSV
GSV
GSV
GSV
GSV
GSV
GSV
GSA
VTG
RMC
GGA
GSV
GSV
GSV
GSV
GSV
GSV
GSV
GSA
VTG
RMC
GGA
GSV
GSV
GSV
GSV
GSV
GSV
GSV
GSA
VTG
RMC
GGA
GSV
GSV
GSV
GSV
GSV
GSV
GSV
GSA
VTG
RMC
GGA
GSV
GSV
GSV
GSV
GSV
GSV
GSV
GSA
VTG
RMC
GGA
GSV
GSV
GSV
GSV
GSV
GSV
GSV
GSA
VTG
RMC
GGA
GSV
GSV
GSV
GSV
GSV
GSV
GSV
GSA
VTG
RMC
GGA
GSV
GSV
GSV
GSV
GSV
GSV
GSV
GSA
VTG
RMC
GGA
GSV
GSV
GSV
GSV
GSV
GSV
GSV
GSA
VTG
RMC
GGA
GSV
GSV
GSV
GSV
GSV
GSV
GSV
GSA
VTG
RMC
GGA
GSV
GSV
GSV
GSV
GSV
GSV
GSV
GSA
VTG
RMC
GGA
GSV
GSV
GSV
GSV
GSV
GSV
GSV
GSA
VTG
RMC
GGA
GSV
GSV
GSV
GSV
GSV
GSV
GSV
GSA
VTG
RMC
GGA
GSV
GSV
GSV
GSV
GSV
GSV
GSV
GSA
VTG
RMC
GGA
GSV
GSV
GSV
GSV
GSV
GSV
GSV
GSA
VTG
RMC
GGA
GSV
GSV
GSV
GSV
GSV
GSV
GSV
GSA
VTG
RMC
GGA
GSV
GSV
GSV
GSV
GSV
GSV
GSV
GSA
VTG
RMC
GGA
GSV
GSV
GSV
GSV
GSV
GSV
GSV
GSA
VTG
RMC
GGA
GSV
GSV
GSV
GSV
GSV
GSV
GSV
GSA
VTG
RMC
GGA
GSV
GSV
GSV
GSV
GSV
GSV
GSV
GSA
VTG
RMC
GGA
GSV
GSV
GSV
GSV
GSV
GSV
GSV
GSA
VTG
RMC
GGA
GSV
GSV
GSV
GSV
GSV
GSV
GSV
GSA
VTG
RMC
GGA
GSV
GSV
GSV
GSV
GSV
GSV
GSV
GSA
VTG
RMC
GGA
GSV
GSV
GSV
GSV
GSV
GSV
GSV
GSA
VTG
RMC
GGA
GSV
GSV
GSV
GSV
GSV
GSV
GSV
GSA
VTG
RMC
GGA
GSV
GSV
GSV
GSV
GSV
GSV
GSV
GSA
VTG
RMC
GGA
GSV
GSV
GSV
GSV
GSV
GSV
GSV
GSA
VTG
RMC
GGA
GSV
GSV
GSV
GSV
GSV
GSV
GSV
GSA
VTG
RMC
GGA
GSV
GSV
GSV
GSV
GSV
GSV
GSV
GSA
VTG
RMC
GGA
GSV
GSV
GSV
GSV
GSV
GSV
GSV
GSA
VTG
RMC
GGA
GSV
GSV
GSV
GSV
GSV
GSV
GSV
GSA
VTG
RMC
GGA
GSV
GSV
GSV
GSV
GSV
GSV
GSV
GSA
VTG
RMC
GGA
GSV
GSV
GSV
GSV
GSV
GSV
GSV
GSA
VTG
RMC
GGA
GSV
GSV
GSV
GSV
GSV
GSV
GSV
GSA
VTG
RMC
GGA
GSV
GSV
GSV
GSV
GSV
GSV
GSV
GSA
VTG
RMC
GGA
GSV
GSV
GSV
GSV
GSV
GSV
GSV
GSA
VTG
RMC
GGA
GSV
GSV
GSV
GSV
GSV
GSV
GSV
GSA
VTG
RMC
GGA
GSV
GSV
GSV
GSV
GSV
GSV
GSV
GSA
VTG
RMC
GGA
GSV
GSV
GSV
GSV
GSV
GSV
GSV
GSA
VTG
RMC
GGA
GSV
GSV
GSV
GSV
GSV
GSV
GSV
GSA
VTG
RMC
GGA
GSV
GSV
GSV
GSV
GSV
GSV
GSV
GSA
VTG
RMC
GGA
GSV
GSV
GSV
GSV
GSV
GSV
GSV
GSA
VTG
RMC
GGA
GSV
GSV
GSV
GSV
GSV
GSV
GSV
GSA
VTG
RMC
GGA
GSV
GSV
GSV
GSV
GSV
GSV
GSV
GSA
VTG
RMC
GGA
GSV
GSV
GSV
GSV
GSV
GSV
GSV
GSA
VTG
RMC
GGA
GSV
GSV
GSV
GSV
GSV
GSV
GSV
GSA
VTG
RMC
GGA
GSV
GSV
GSV
GSV
GSV
GSV
GSV
GSA
VTG
RMC
GGA
GSV
GSV
GSV
GSV
GSV
GSV
GSV
GSA
VTG
RMC
GGA
GSV
GSV
GSV
GSV
GSV
GSV
GSV
GSA
VTG
RMC
GGA
GSV
GSV
GSV
GSV
GSV
GSV
GSV
GSA
VTG
RMC
GGA
GSV
GSV
GSV
GSV
GSV
GSV
GSV
GSA
VTG
RMC
GGA
GSV
GSV
GSV
GSV
GSV
GSV
GSV
GSA
VTG
RMC
GGA
GSV
GSV
GSV
GSV
GSV
GSV
GSV
GSA
VTG
RMC
GGA
GSV
GSV
GSV
GSV
GSV
GSV
GSV
GSA
VTG
RMC
GGA
GSV
GSV
GSV
GSV
GSV
GSV
GSV
GSA
VTG
RMC
GGA
GSV
GSV
GSV
GSV
GSV
GSV
GSV
GSA
VTG
RMC
GGA
GSV
GSV
GSV
GSV
GSV
GSV
GSV
GSA
VTG
RMC
GGA
GSV
GSV
GSV
GSV
GSV
GSV
GSV
GSA
VTG
RMC
GGA
GSV
GSV
GSV
GSV
GSV
GSV
GSV
GSA
VTG
RMC
GGA
GSV
GSV
GSV
GSV
GSV
GSV
GSV
GSA
VTG
RMC
GGA
GSV
GSV
GSV
GSV
GSV
GSV
GSV
GSA
VTG
RMC
GGA
GSV
GSV
GSV
GSV
GSV
GSV
GSV
GSA
VTG
RMC
GGA
GSV
GSV
GSV
GSV
GSV
GSV
GSV
GSA
VTG
RMC
GGA
GSV
GSV
GSV
GSV
GSV
GSV
GSV
GSA
VTG
RMC
GGA
GSV
GSV
GSV
GSV
GSV
GSV
GSV
GSA
VTG
RMC
GGA
GSV
GSV
GSV
GSV
GSV
GSV
GSV
GSA
VTG
RMC
GGA
GSV
GSV
GSV
GSV
GSV
GSV
GSV
GSA
VTG
RMC
GGA
GSV
GSV
GSV
GSV
GSV
GSV
GSV
GSA
VTG
RMC
GGA
GSV
GSV
GSV
GSV
GSV
GSV
GSV
GSA
VTG
RMC
GGA
GSV
GSV
GSV
GSV
GSV
GSV
GSV
GSA
VTG
RMC
GGA
GSV
GSV
GSV
GSV
GSV
GSV
GSV
GSA
VTG
RMC
GGA
GSV
GSV
GSV
GSV
GSV
GSV
GSV
GSA
VTG
RMC
GGA
GSV
GSV
GSV
GSV
GSV
GSV
GSV
GSA
VTG
RMC
GGA
GSV
GSV
GSV
GSV
GSV
GSV
GSV
GSA
VTG
RMC
GGA
GSV
GSV
GSV
GSV
GSV
GSV
GSV
GSA
VTG
RMC
GGA
GSV
GSV
GSV
GSV
GSV
GSV
GSV
GSA
VTG
RMC
GGA
GSV
GSV
GSV
GSV
GSV
GSV
GSV
GSA
VTG
RMC
GGA
GSV
GSV
GSV
GSV
GSV
GSV
GSV
GSA
VTG
RMC
GGA
GSV
GSV
GSV
GSV
GSV
GSV
GSV
GSA
VTG
RMC
GGA
GSV
GSV
GSV
GSV
GSV
GSV
GSV
GSA
VTG
RMC
GGA
GSV
GSV
GSV
GSV
GSV
GSV
GSV
GSA
VTG
RMC
GGA
GSV
GSV
GSV
GSV
GSV
GSV
GSV
GSA
VTG
RMC
GGA
GSV
GSV
GSV
GSV
GSV
GSV
GSV
GSA
VTG
RMC
GGA
GSV
GSV
GSV
GSV
GSV
GSV
GSV
GSA
VTG
RMC
GGA
GSV
GSV
GSV
GSV
GSV
GSV
GSV
GSA
VTG
RMC
GGA
GSV
GSV
GSV
GSV
GSV
GSV
GSV
GSA
VTG
RMC
GGA
GSV
GSV
GSV
GSV
GSV
GSV
GSV
GSA
VTG
RMC
GGA
GSV
GSV
GSV
GSV
GSV
GSV
GSV
GSA
VTG
RMC
GGA
GSV
GSV
GSV
GSV
GSV
GSV
GSV
GSA
VTG
RMC
GGA
GSV
GSV
GSV
GSV
GSV
GSV
GSV
GSA
VTG
RMC
GGA
GSV
GSV
GSV
GSV
GSV
GSV
GSV
GSA
VTG
RMC
GGA
GSV
GSV
GSV
GSV
GSV
GSV
GSV
GSA
VTG
RMC
GGA
GSV
GSV
GSV
GSV
GSV
GSV
GSV
GSA
VTG
RMC
GGA
GSV
GSV
GSV
GSV
GSV
GSV
GSV
GSA
VTG
RMC
GGA
GSV
GSV
GSV
GSV
GSV
GSV
GSV
GSA
VTG
RMC
GGA
GSV
GSV
GSV
GSV
GSV
GSV
GSV
GSA
VTG
RMC
GGA
GSV
GSV
GSV
GSV
GSV
GSV
GSV
GSA
VTG
RMC
GGA
GSV
GSV
GSV
GSV
GSV
GSV
GSV
GSA
VTG
RMC
GGA
GSV
GSV
GSV
GSV
GSV
GSV
GSV
GSA
VTG
RMC
GGA
GSV
GSV
GSV
GSV
GSV
GSV
GSV
GSA
VTG
RMC
GGA
GSV
GSV
GSV
GSV
GSV
GSV
GSV
GSA
VTG
RMC
GGA
GSV
GSV
GSV
GSV
GSV
GSV
GSV
GSA
VTG
RMC
GGA
GSV
GSV
GSV
GSV
GSV
GSV
GSV
GSA
VTG
RMC
GGA
GSV
GSV
GSV
GSV
GSV
GSV
GSV
GSA
VTG
RMC
GGA
GSV
GSV
GSV
GSV
GSV
GSV
GSV
GSA
VTG
RMC
GGA
GSV
GSV
GSV
GSV
GSV
GSV
GSV
GSA
VTG
RMC
GGA
GSV
GSV
GSV
GSV
GSV
GSV
GSV
GSA
VTG
RMC
GGA
GSV
GSV
GSV
GSV
GSV
GSV
GSV
GSA
VTG
RMC
GGA
GSV
GSV
GSV
GSV
GSV
GSV
GSV
GSA
VTG
RMC
GGA
GSV
GSV
GSV
GSV
GSV
GSV
GSV
GSA
VTG
RMC
GGA
GSV
GSV
GSV
GSV
GSV
GSV
GSV
GSA
VTG
RMC
GGA
GSV
GSV
GSV
GSV
GSV
GSV
GSV
GSA
VTG
RMC
GGA
GSV
GSV
GSV
GSV
GSV
GSV
GSV
GSA
VTG
RMC
GGA
GSV
GSV
GSV
GSV
GSV
GSV
GSV
GSA
VTG
RMC
GGA
GSV
GSV
GSV
GSV
GSV
GSV
GSV
GSA
VTG
RMC
GGA
GSV
GSV
GSV
GSV
GSV
GSV
GSV
GSA
VTG
RMC
GGA
GSV
GSV
GSV
GSV
GSV
GSV
GSV
GSA
VTG
RMC
GGA
GSV
GSV
GSV
GSV
GSV
GSV
GSV
GSA
VTG
RMC
GGA
GSV
GSV
GSV
GSV
GSV
GSV
GSV
GSA
VTG
RMC
GGA
GSV
GSV
GSV
GSV
GSV
GSV
GSV
GSA
VTG
RMC
GGA
GSV
GSV
GSV
GSV
GSV
GSV
GSV
GSA
VTG
RMC
GGA
GSV
GSV
GSV
GSV
GSV
GSV
GSV
GSA
VTG
RMC
GGA
GSV
GSV
GSV
GSV
GSV
GSV
GSV
GSA
VTG
RMC
GGA
GSV
GSV
GSV
GSV
GSV
GSV
GSV
GSA
VTG
RMC
GGA
GSV
GSV
GSV
GSV
GSV
GSV
GSV
GSA
VTG
RMC
GGA
GSV
GSV
GSV
GSV
GSV
GSV
GSV
GSA
VTG
RMC
GGA
GSV
GSV
GSV
GSV
GSV
GSV
GSV
GSA
VTG
RMC
GGA
GSV
GSV
GSV
GSV
GSV
GSV
GSV
GSA
VTG
RMC
GGA
GSV
GSV
GSV
GSV
GSV
GSV
GSV
GSA
VTG
RMC
GGA
GSV
GSV
GSV
GSV
GSV
GSV
GSV
GSA
VTG
RMC
GGA
GSV
GSV
GSV
GSV
GSV
GSV
GSV
GSA
VTG
RMC
GGA
GSV
GSV
GSV
GSV
GSV
GSV
GSV
GSA
VTG
RMC
GGA
GSV
GSV
GSV
GSV
GSV
GSV
GSV
GSA
VTG
RMC
GGA
GSV
GSV
GSV
GSV
GSV
GSV
GSV
GSA
VTG
RMC
GGA
GSV
GSV
GSV
GSV
GSV
GSV
GSV
GSA
VTG
RMC
GGA
GSV
GSV
GSV
GSV
GSV
GSV
GSV
GSA
VTG
RMC
GGA
GSV
GSV
GSV
GSV
GSV
GSV
GSV
GSA
VTG
RMC
GGA
GSV
GSV
GSV
GSV
GSV
GSV
GSV
GSA
VTG
RMC
GGA
GSV
GSV
GSV
GSV
GSV
GSV
GSV
GSA
VTG
RMC
GGA
GSV
GSV
GSV
GSV
GSV
GSV
GSV
GSA
VTG
RMC
GGA
GSV
GSV
GSV
GSV
GSV
GSV
GSV
GSA
VTG
RMC
GGA
GSV
GSV
GSV
GSV
GSV
GSV
GSV
GSA
VTG
RMC
GGA
GSV
GSV
GSV
GSV
GSV
GSV
GSV
GSA
VTG
RMC
GGA
GSV
GSV
GSV
GSV
GSV
GSV
GSV
GSA
VTG
RMC
GGA
GSV
GSV
GSV
GSV
GSV
GSV
GSV
GSA
VTG
RMC
GGA
GSV
GSV
GSV
GSV
GSV
GSV
GSV
GSA
VTG
RMC
GGA
GSV
GSV
GSV
GSV
GSV
GSV
GSV
GSA
VTG
RMC
GGA
GSV
GSV
GSV
GSV
GSV
GSV
GSV
GSA
VTG
RMC
GGA
GSV
GSV
GSV
GSV
GSV
GSV
GSV
GSA
VTG
RMC
GGA
GSV
GSV
GSV
GSV
GSV
GSV
GSV
GSA
VTG
RMC
GGA
GSV
GSV
GSV
GSV
GSV
GSV
GSV
GSA
VTG
RMC
GGA
GSV
GSV
GSV
GSV
GSV
GSV
GSV
GSA
VTG
RMC
GGA
GSV
GSV
GSV
GSV
GSV
GSV
GSV
GSA
VTG
RMC
GGA
GSV
GSV
GSV
GSV
GSV
GSV
GSV
GSA
VTG
RMC
GGA
GSV
GSV
GSV
GSV
GSV
GSV
GSV
GSA
VTG
RMC
GGA
GSV
GSV
GSV
GSV
GSV
GSV
GSV
GSA
VTG
RMC
GGA
GSV
GSV
GSV
GSV
GSV
GSV
GSV
GSA
VTG
RMC
GGA
GSV
GSV
GSV
GSV
GSV
GSV
GSV
GSA
VTG
RMC
GGA
GSV
GSV
GSV
GSV
GSV
GSV
GSV
GSA
VTG
RMC
GGA
GSV
GSV
GSV
GSV
GSV
GSV
GSV
GSA
VTG
RMC
GGA
GSV
GSV
GSV
GSV
GSV
GSV
GSV
GSA
VTG
RMC
GGA
GSV
GSV
GSV
GSV
GSV
GSV
GSV
GSA
VTG
RMC
GGA
GSV
GSV
GSV
GSV
GSV
GSV
GSV
GSA
VTG
RMC
GGA
GSV
GSV
GSV
GSV
GSV
GSV
GSV
GSA
VTG
RMC
GGA
GSV
GSV
GSV
GSV
GSV
GSV
GSV
GSA
VTG
RMC
GGA
GSV
GSV
GSV
GSV
GSV
GSV
GSV
GSA
VTG
RMC
GGA
GSV
GSV
GSV
GSV
GSV
GSV
GSV
GSA
VTG
RMC
GGA
GSV
GSV
GSV
GSV
GSV
GSV
GSV
GSA
VTG
RMC
GGA
GSV
GSV
GSV
GSV
GSV
GSV
GSV
GSA
VTG
RMC
GGA
GSV
GSV
GSV
GSV
GSV
GSV
GSV
GSA
VTG
RMC
GGA
GSV
GSV
GSV
GSV
GSV
GSV
GSV
GSA
VTG
RMC
GGA
GSV
GSV
GSV
GSV
GSV
GSV
GSV
GSA
VTG
RMC
GGA
GSV
GSV
GSV
GSV
GSV
GSV
GSV
GSA
VTG
RMC
GGA
GSV
GSV
GSV
GSV
GSV
GSV
GSV
GSA
VTG
RMC
GGA
GSV
GSV
GSV
GSV
GSV
GSV
GSV
GSA
VTG
RMC
GGA
GSV
GSV
GSV
GSV
GSV
GSV
GSV
GSA
VTG
RMC
GGA
GSV
GSV
GSV
GSV
GSV
GSV
GSV
GSA
VTG
RMC
GGA
GSV
GSV
GSV
GSV
GSV
GSV
GSV
GSA
VTG
RMC
GGA
GSV
GSV
GSV
GSV
GSV
GSV
GSV
GSA
VTG
RMC
GGA
GSV
GSV
GSV
GSV
GSV
GSV
GSV
GSA
VTG
RMC
GGA
GSV
GSV
GSV
GSV
GSV
GSV
GSV
GSA
VTG
RMC
GGA
GSV
GSV
GSV
GSV
GSV
GSV
GSV
GSA
VTG
RMC
GGA
GSV
GSV
GSV
GSV
GSV
GSV
GSV
GSA
VTG
RMC
GGA
GSV
GSV
GSV
GSV
GSV
GSV
GSV
GSA
VTG
RMC
GGA
GSV
GSV
GSV
GSV
GSV
GSV
GSV
GSA
VTG
RMC
GGA
GSV
GSV
GSV
GSV
GSV
GSV
GSV
GSA
VTG
RMC
GGA
GSV
GSV
GSV
GSV
GSV
GSV
GSV
GSA
VTG
RMC
GGA
GSV
GSV
GSV
GSV
GSV
GSV
GSV
GSA
VTG
RMC
GGA
GSV
GSV
GSV
GSV
GSV
GSV
GSV
GSA
VTG
RMC
GGA
GSV
GSV
GSV
GSV
GSV
GSV
GSV
GSA
VTG
RMC
GGA
GSV
GSV
GSV
GSV
GSV
GSV
GSV
GSA
VTG
RMC
GGA
GSV
GSV
GSV
GSV
GSV
GSV
GSV
GSA
VTG
RMC
GGA
GSV
GSV
GSV
GSV
GSV
GSV
GSV
GSA
VTG
RMC
GGA
GSV
GSV
GSV
GSV
GSV
GSV
GSV
GSA
VTG
RMC
GGA
GSV
GSV
GSV
GSV
GSV
GSV
GSV
GSA
VTG
RMC
GGA
GSV
GSV
GSV
GSV
GSV
GSV
GSV
GSA
VTG
RMC
GGA
GSV
GSV
GSV
GSV
GSV
GSV
GSV
GSA
VTG
RMC
GGA
GSV
GSV
GSV
GSV
GSV
GSV
GSV
GSA
VTG
RMC
GGA
GSV
GSV
GSV
GSV
GSV
GSV
GSV
GSA
VTG
RMC
GGA
GSV
GSV
GSV
GSV
GSV
GSV
GSV
GSA
VTG
RMC
GGA
GSV
GSV
GSV
GSV
GSV
GSV
GSV
GSA
VTG
RMC
GGA
GSV
GSV
GSV
GSV
GSV
GSV
GSV
GSA
VTG
RMC
GGA
GSV
GSV
GSV
GSV
GSV
GSV
GSV
GSA
VTG
RMC
GGA
GSV
GSV
GSV
GSV
GSV
GSV
GSV
GSA
VTG
RMC
GGA
GSV
GSV
GSV
GSV
GSV
GSV
GSV
GSA
VTG
RMC
GGA
GSV
GSV
GSV
GSV
GSV
GSV
GSV
GSA
VTG
RMC
GGA
GSV
GSV
GSV
GSV
GSV
GSV
GSV
GSA
VTG
RMC
GGA
GSV
GSV
GSV
GSV
GSV
GSV
GSV
GSA
VTG
RMC
GGA
GSV
GSV
GSV
GSV
GSV
GSV
GSV
GSA
VTG
RMC
GGA
GSV
GSV
GSV
GSV
GSV
GSV
GSV
GSA
VTG
RMC
GGA
GSV
GSV
GSV
GSV
GSV
GSV
GSV
GSA
VTG
RMC
GGA
GSV
GSV
GSV
GSV
GSV
GSV
GSV
GSA
VTG
RMC
GGA
GSV
GSV
GSV
GSV
GSV
GSV
GSA
VTG
RMC
GGA
GSV
GSV
GSV
GSV
GSV
GSV
GSV
GSA
VTG
RMC
GGA
GSV
GSV
GSV
GSV
GSV
GSV
GSV
GSA
VTG
RMC
GGA
GSV
GSV
GSV
GSV
GSV
GSV
GSV
GSA
VTG
RMC
GGA
GSV
GSV
GSV
GSV
GSV
GSV
GSV
GSA
VTG
RMC
GGA
GSV
GSV
GSV
GSV
GSV
GSV
GSV
GSA
VTG
RMC
GGA
GSV
GSV
GSV
GSV
GSV
GSV
GSV
GSA
VTG
RMC
GGA
GSV
GSV
GSV
GSV
GSV
GSV
GSV
GSA
VTG
RMC
GGA
GSV
GSV
GSV
GSV
GSV
GSV
GSV
GSA
VTG
RMC
GGA
GSV
GSV
GSV
GSV
GSV
GSV
GSV
GSA
VTG
RMC
GGA
GSV
GSV
GSV
GSV
GSV
GSV
GSV
GSA
VTG
RMC
GGA
GSV
GSV
GSV
GSV
GSV
GSV
GSV
GSA
VTG
RMC
GGA
GSV
GSV
GSV
GSV
GSV
GSV
GSV
GSA
VTG
RMC
GGA
GSV
GSV
GSV
GSV
GSV
GSV
GSV
GSA
VTG
RMC
GGA
GSV
GSV
GSV
GSV
GSV
GSV
GSV
GSA
VTG
RMC
GGA
GSV
GSV
GSV
GSV
GSV
GSV
GSV
GSA
VTG
RMC
GGA
GSV
GSV
GSV
GSV
GSV
GSV
GSV
GSA
VTG
RMC
GGA
GSV
GSV
GSV
GSV
GSV
GSV
GSV
GSA
VTG
RMC
GGA
GSV
GSV
GSV
GSV
GSV
GSV
GSV
GSA
VTG
RMC
GGA
GSV
GSV
GSV
GSV
GSV
GSV
GSV
GSA
VTG
RMC
GGA
GSV
GSV
GSV
GSV
GSV
GSV
GSV
GSA
VTG
RMC
GGA
GSV
GSV
GSV
GSV
GSV
GSV
GSV
GSA
VTG
RMC
GGA
GSV
GSV
GSV
GSV
GSV
GSV
GSV
GSA
VTG
RMC
GGA
GSV
GSV
GSV
GSV
GSV
GSV
GSV
GSA
VTG
RMC
GGA
GSV
GSV
GSV
GSV
GSV
GSV
GSV
GSA
VTG
RMC
GGA
GSV
GSV
GSV
GSV
GSV
GSV
GSV
GSA
VTG
RMC
GGA
GSV
GSV
GSV
GSV
GSV
GSV
GSV
GSA
VTG
RMC
GGA
GSV
GSV
GSV
GSV
GSV
GSV
GSV
GSA
VTG
RMC
GGA
GSV
GSV
GSV
GSV
GSV
GSV
GSV
GSA
VTG
RMC
GGA
GSV
GSV
GSV
GSV
GSV
GSV
GSV
GSA
VTG
RMC
GGA
GSV
GSV
GSV
GSV
GSV
GSV
GSV
GSA
VTG
RMC
GGA
GSV
GSV
GSV
GSV
GSV
GSV
GSV
GSA
VTG
RMC
GGA
GSV
GSV
GSV
GSV
GSV
GSV
GSV
GSA
VTG
RMC
GGA
GSV
GSV
GSV
GSV
GSV
GSV
GSV
GSA
VTG
RMC
GGA
GSV
GSV
GSV
GSV
GSV
GSV
GSV
GSA
VTG
RMC
GGA
GSV
GSV
GSV
GSV
GSV
GSV
GSV
GSA
VTG
RMC
GGA
GSV
GSV
GSV
GSV
GSV
GSV
GSV
GSA
VTG
RMC
GGA
GSV
GSV
GSV
GSV
GSV
GSV
GSV
GSA
VTG
RMC
GGA
GSV
GSV
GSV
GSV
GSV
GSV
GSV
GSA
VTG
RMC
GGA
GSV
GSV
GSV
GSV
GSV
GSV
GSV
GSA
VTG
RMC
GGA
GSV
GSV
GSV
GSV
GSV
GSV
GSV
GSA
VTG
RMC
GGA
GSV
GSV
GSV
GSV
GSV
GSV
GSV
GSA
VTG
RMC
GGA
GSV
GSV
GSV
GSV
GSV
GSV
GSV
GSA
VTG
RMC
GGA
GSV
GSV
GSV
GSV
GSV
GSV
GSV
GSA
VTG
RMC
GGA
GSV
GSV
GSV
GSV
GSV
GSV
GSV
GSA
VTG
RMC
GGA
GSV
GSV
GSV
GSV
GSV
GSV
GSV
GSA
VTG
RMC
GGA
GSV
GSV
GSV
GSV
GSV
GSV
GSV
GSA
VTG
RMC
GGA
GSV
GSV
GSV
GSV
GSV
GSV
GSV
GSA
VTG
RMC
GGA
GSV
GSV
GSV
GSV
GSV
GSV
GSV
GSA
VTG
RMC
GGA
GSV
GSV
GSV
GSV
GSV
GSV
GSV
GSA
VTG
RMC
GGA
GSV
GSV
GSV
GSV
GSV
GSV
GSV
GSA
VTG
RMC
GGA
GSV
GSV
GSV
GSV
GSV
GSV
GSV
GSA
VTG
RMC
GGA
GSV
GSV
GSV
GSV
GSV
GSV
GSV
GSA
VTG
RMC
GGA
GSV
GSV
GSV
GSV
GSV
GSV
GSV
GSA
VTG
RMC
GGA
GSV
GSV
GSV
GSV
GSV
GSV
GSV
GSA
VTG
RMC
GGA
GSV
GSV
GSV
GSV
GSV
GSV
GSV
GSA
VTG
RMC
GGA
GSV
GSV
GSV
GSV
GSV
GSV
GSV
GSA
VTG
RMC
GGA
GSV
GSV
GSV
GSV
GSV
GSV
GSV
GSA
VTG
RMC
GGA
GSV
GSV
GSV
GSV
GSV
GSV
GSV
GSA
VTG
RMC
GGA
GSV
GSV
GSV
GSV
GSV
GSV
GSV
GSA
VTG
RMC
GGA
GSV
GSV
GSV
GSV
GSV
GSV
GSV
GSA
VTG
RMC
GGA
GSV
GSV
GSV
GSV
GSV
GSV
GSV
GSA
VTG
RMC
GGA
GSV
GSV
GSV
GSV
GSV
GSV
GSV
GSA
VTG
RMC
GGA
GSV
GSV
GSV
GSV
GSV
GSV
GSV
GSA
VTG
RMC
GGA
GSV
GSV
GSV
GSV
GSV
GSV
GSV
GSA
VTG
RMC
GGA
GSV
GSV
GSV
GSV
GSV
GSV
GSV
GSA
VTG
RMC
GGA
GSV
GSV
GSV
GSV
GSV
GSV
GSV
GSA
VTG
RMC
GGA
GSV
GSV
GSV
GSV
GSV
GSV
GSV
GSA
VTG
RMC
GGA
GSV
GSV
GSV
GSV
GSV
GSV
GSV
GSA
VTG
RMC
GGA
GSV
GSV
GSV
GSV
GSV
GSV
GSV
GSA
VTG
RMC
GGA
GSV
GSV
GSV
GSV
GSV
GSV
GSV
GSA
VTG
RMC
GGA
GSV
GSV
GSV
GSV
GSV
GSV
GSV
GSA
VTG
RMC
GGA
GSV
GSV
GSV
GSV
GSV
GSV
GSV
GSA
VTG
RMC
GGA
GSV
GSV
GSV
GSV
GSV
GSV
GSV
GSA
VTG
RMC
GGA
GSV
GSV
GSV
GSV
GSV
GSV
GSV
GSA
VTG
RMC
GGA
GSV
GSV
GSV
GSV
GSV
GSV
GSV
GSA
VTG
RMC
GGA
GSV
GSV
GSV
GSV
GSV
GSV
GSV
GSA
VTG
RMC
GGA
GSV
GSV
GSV
GSV
GSV
GSV
GSV
GSA
VTG
RMC
GGA
GSV
GSV
GSV
GSV
GSV
GSV
GSV
GSA
VTG
RMC
GGA
GSV
GSV
GSV
GSV
GSV
GSV
GSV
GSA
VTG
RMC
GGA
GSV
GSV
GSV
GSV
GSV
GSV
GSV
GSA
VTG
RMC
GGA
GSV
GSV
GSV
GSV
GSV
GSV
GSV
GSA
VTG
RMC
GGA
GSV
GSV
GSV
GSV
GSV
GSV
GSV
GSA
VTG
RMC
GGA
GSV
GSV
GSV
GSV
GSV
GSV
GSV
GSA
VTG
RMC
GGA
GSV
GSV
GSV
GSV
GSV
GSV
GSV
GSA
VTG
RMC
GGA
GSV
GSV
GSV
GSV
GSV
GSV
GSV
GSA
VTG
RMC
GGA
GSV
GSV
GSV
GSV
GSV
GSV
GSV
GSA
VTG
RMC
GGA
GSV
GSV
GSV
GSV
GSV
GSV
GSV
GSA
VTG
RMC
GGA
GSV
GSV
GSV
GSV
GSV
GSV
GSV
GSA
VTG
RMC
GGA
GSV
GSV
GSV
GSV
GSV
GSV
GSV
GSA
VTG
RMC
GGA
GSV
GSV
GSV
GSV
GSV
GSV
GSV
GSA
VTG
RMC
GGA
GSV
GSV
GSV
GSV
GSV
GSV
GSV
GSA
VTG
RMC
GGA
GSV
GSV
GSV
GSV
GSV
GSV
GSV
GSA
VTG
RMC
GGA
GSV
GSV
GSV
GSV
GSV
GSV
GSV
GSA
VTG
RMC
GGA
GSV
GSV
GSV
GSV
GSV
GSV
GSV
GSA
VTG
RMC
GGA
GSV
GSV
GSV
GSV
GSV
GSV
GSV
GSA
VTG
RMC
GGA
GSV
GSV
GSV
GSV
GSV
GSV
GSV
GSA
VTG
RMC
GGA
GSV
GSV
GSV
GSV
GSV
GSV
GSV
GSA
VTG
RMC
GGA
GSV
GSV
GSV
GSV
GSV
GSV
GSV
GSA
VTG
RMC
GGA
GSV
GSV
GSV
GSV
GSV
GSV
GSV
GSA
VTG
RMC
GGA
GSV
GSV
GSV
GSV
GSV
GSV
GSV
GSA
VTG
RMC
GGA
GSV
GSV
GSV
GSV
GSV
GSV
GSV
GSA
VTG
RMC
GGA
GSV
GSV
GSV
GSV
GSV
GSV
GSV
GSA
VTG
RMC
GGA
GSV
GSV
GSV
GSV
GSV
GSV
GSV
GSA
VTG
RMC
GGA
GSV
GSV
GSV
GSV
GSV
GSV
GSV
GSA
VTG
RMC
GGA
GSV
GSV
GSV
GSV
GSV
GSV
GSV
GSA
VTG
RMC
GGA
GSV
GSV
GSV
GSV
GSV
GSV
GSV
GSA
VTG
RMC
GGA
GSV
GSV
GSV
GSV
GSV
GSV
GSV
GSA
VTG
RMC
GGA
GSV
GSV
GSV
GSV
GSV
GSV
GSV
GSA
VTG
RMC
GGA
GSV
GSV
GSV
GSV
GSV
GSV
GSV
GSA
VTG
RMC
GGA
GSV
GSV
GSV
GSV
GSV
GSV
GSV
GSA
VTG
RMC
GGA
GSV
GSV
GSV
GSV
GSV
GSV
GSV
GSA
VTG
RMC
GGA
GSV
GSV
GSV
GSV
GSV
GSV
GSV
GSA
VTG
RMC
GGA
GSV
GSV
GSV
GSV
GSV
GSV
GSV
GSA
VTG
RMC
GGA
GSV
GSV
GSV
GSV
GSV
GSV
GSV
GSA
VTG
RMC
GGA
GSV
GSV
GSV
GSV
GSV
GSV
GSV
GSA
VTG
RMC
GGA
GSV
GSV
GSV
GSV
GSV
GSV
GSV
GSA
VTG
RMC
GGA
GSV
GSV
GSV
GSV
GSV
GSV
GSV
GSA
VTG
RMC
GGA
GSV
GSV
GSV
GSV
GSV
GSV
GSV
GSA
VTG
RMC
GGA
GSV
GSV
GSV
GSV
GSV
GSV
GSV
GSA
VTG
RMC
GGA
GSV
GSV
GSV
GSV
GSV
GSV
GSV
GSA
VTG
RMC
GGA
GSV
GSV
GSV
GSV
GSV
GSV
GSV
GSA
VTG
RMC
GGA
GSV
GSV
GSV
GSV
GSV
GSV
GSV
GSA
VTG
RMC
GGA
GSV
GSV
GSV
GSV
GSV
GSV
GSV
GSA
VTG
RMC
GGA
GSV
GSV
GSV
GSV
GSV
GSV
GSV
GSA
VTG
RMC
GGA
GSV
GSV
GSV
GSV
GSV
GSV
GSV
GSA
VTG
RMC
GGA
GSV
GSV
GSV
GSV
GSV
GSV
GSV
GSA
VTG
RMC
GGA
GSV
GSV
GSV
GSV
GSV
GSV
GSV
GSA
VTG
RMC
GGA
GSV
GSV
GSV
GSV
GSV
GSV
GSV
GSA
VTG
RMC
GGA
GSV
GSV
GSV
GSV
GSV
GSV
GSV
GSA
VTG
RMC
GGA
GSV
GSV
GSV
GSV
GSV
GSV
GSV
GSA
VTG
RMC
GGA
GSV
GSV
GSV
GSV
GSV
GSV
GSV
GSA
VTG
RMC
GGA
GSV
GSV
GSV
GSV
GSV
GSV
GSV
GSA
VTG
RMC
GGA
GSV
GSV
GSV
GSV
GSV
GSV
GSV
GSA
VTG
RMC
GGA
GSV
GSV
GSV
GSV
GSV
GSV
GSV
GSA
VTG
RMC
GGA
GSV
GSV
GSV
GSV
GSV
GSV
GSV
GSA
VTG
RMC
GGA
GSV
GSV
GSV
GSV
GSV
GSV
GSV
GSA
VTG
RMC
GGA
GSV
GSV
GSV
GSV
GSV
GSV
GSV
GSA
VTG
RMC
GGA
GSV
GSV
GSV
GSV
GSV
GSV
GSV
GSA
VTG
RMC
GGA
GSV
GSV
GSV
GSV
GSV
GSV
GSV
GSA
VTG
RMC
GGA
GSV
GSV
GSV
GSV
GSV
GSV
GSV
GSA
VTG
RMC
GGA
GSV
GSV
GSV
GSV
GSV
GSV
GSV
GSA
VTG
RMC
GGA
GSV
GSV
GSV
GSV
GSV
GSV
GSV
GSA
VTG
RMC
GGA
GSV
GSV
GSV
GSV
GSV
GSV
GSV
GSA
VTG
RMC
GGA
GSV
GSV
GSV
GSV
GSV
GSV
GSV
GSA
VTG
RMC
GGA
GSV
GSV
GSV
GSV
GSV
GSV
GSV
GSA
VTG
RMC
GGA
GSV
GSV
GSV
GSV
GSV
GSV
GSV
GSA
VTG
RMC
GGA
GSV
GSV
GSV
GSV
GSV
GSV
GSV
GSA
VTG
RMC
GGA
GSV
GSV
GSV
GSV
GSV
GSV
GSV
GSA
VTG
RMC
GGA
GSV
GSV
GSV
GSV
GSV
GSV
GSV
GSA
VTG
RMC
GGA
GSV
GSV
GSV
GSV
GSV
GSV
GSV
GSA
VTG
RMC
GGA
GSV
GSV
GSV
GSV
GSV
GSV
GSV
GSA
VTG
RMC
GGA
GSV
GSV
GSV
GSV
GSV
GSV
GSV
GSA
VTG
RMC
GGA
GSV
GSV
GSV
GSV
GSV
GSV
GSV
GSA
VTG
RMC
GGA
GSV
GSV
GSV
GSV
GSV
GSV
GSV
GSA
VTG
RMC
GGA
GSV
GSV
GSV
GSV
GSV
GSV
GSV
GSA
VTG
RMC
GGA
GSV
GSV
GSV
GSV
GSV
GSV
GSV
GSA
VTG
RMC
GGA
GSV
GSV
GSV
GSV
GSV
GSV
GSV
GSA
VTG
RMC
GGA
GSV
GSV
GSV
GSV
GSV
GSV
GSV
GSA
VTG
RMC
GGA
GSV
GSV
GSV
GSV
GSV
GSV
GSV
GSA
VTG
RMC
GGA
GSV
GSV
GSV
GSV
GSV
GSV
GSV
GSA
VTG
RMC
GGA
GSV
GSV
GSV
GSV
GSV
GSV
GSV
GSA
VTG
RMC
GGA
GSV
GSV
GSV
GSV
GSV
GSV
GSV
GSA
VTG
RMC
GGA
GSV
GSV
GSV
GSV
GSV
GSV
GSV
GSA
VTG
RMC
GGA
GSV
GSV
GSV
GSV
GSV
GSV
GSV
GSA
VTG
RMC
GGA
GSV
GSV
GSV
GSV
GSV
GSV
GSV
GSA
VTG
RMC
GGA
GSV
GSV
GSV
GSV
GSV
GSV
GSV
GSA
VTG
RMC
GGA
GSV
GSV
GSV
GSV
GSV
GSV
GSV
GSA
VTG
RMC
GGA
GSV
GSV
GSV
GSV
GSV
GSV
GSV
GSA
VTG
RMC
GGA
GSV
GSV
GSV
GSV
GSV
GSV
GSV
GSA
VTG
RMC
GGA
GSV
GSV
GSV
GSV
GSV
GSV
GSV
GSA
VTG
RMC
GGA
GSV
GSV
GSV
GSV
GSV
GSV
GSV
GSA
VTG
RMC
GGA
GSV
GSV
GSV
GSV
GSV
GSV
GSV
GSA
VTG
RMC
GGA
GSV
GSV
GSV
GSV
GSV
GSV
GSV
GSA
VTG
RMC
GGA
GSV
GSV
GSV
GSV
GSV
GSV
GSV
GSA
VTG
RMC
GGA
GSV
GSV
GSV
GSV
GSV
GSV
GSV
GSA
VTG
RMC
GGA
GSV
GSV
GSV
GSV
GSV
GSV
GSV
GSA
VTG
RMC
GGA
GSV
GSV
GSV
GSV
GSV
GSV
GSV
GSA
VTG
RMC
GGA
GSV
GSV
GSV
GSV
GSV
GSV
GSV
GSA
VTG
RMC
GGA
GSV
GSV
GSV
GSV
GSV
GSV
GSV
GSA
VTG
RMC
GGA
GSV
GSV
GSV
GSV
GSV
GSV
GSV
GSA
VTG
RMC
GGA
GSV
GSV
GSV
GSV
GSV
GSV
GSV
GSA
VTG
RMC
GGA
GSV
GSV
GSV
GSV
GSV
GSV
GSV
GSA
VTG
RMC
GGA
GSV
GSV
GSV
GSV
GSV
GSV
GSV
GSA
VTG
RMC
GGA
GSV
GSV
GSV
GSV
GSV
GSV
GSV
GSA
VTG
RMC
GGA
GSV
GSV
GSV
GSV
GSV
GSV
GSV
GSA
VTG
RMC
GGA
GSV
GSV
GSV
GSV
GSV
GSV
GSV
GSA
VTG
RMC
GGA
GSV
GSV
GSV
GSV
GSV
GSV
GSV
GSA
VTG
RMC
GGA
GSV
GSV
GSV
GSV
GSV
GSV
GSV
GSA
VTG
RMC
GGA
GSV
GSV
GSV
GSV
GSV
GSV
GSV
GSA
VTG
RMC
GGA
GSV
GSV
GSV
GSV
GSV
GSV
GSV
GSA
VTG
RMC
GGA
GSV
GSV
GSV
GSV
GSV
GSV
GSV
GSA
VTG
RMC
GGA
GSV
GSV
GSV
GSV
GSV
GSV
GSV
GSA
VTG
RMC
GGA
GSV
GSV
GSV
GSV
GSV
GSV
GSV
GSA
VTG
RMC
GGA
GSV
GSV
GSV
GSV
GSV
GSV
GSV
GSA
VTG
RMC
GGA
GSV
GSV
GSV
GSV
GSV
GSV
GSV
GSA
VTG
RMC
GGA
GSV
GSV
GSV
GSV
GSV
GSV
GSV
GSA
VTG
RMC
GGA
GSV
GSV
GSV
GSV
GSV
GSV
GSV
GSA
VTG
RMC
GGA
GSV
GSV
GSV
GSV
GSV
GSV
GSV
GSA
VTG
RMC
GGA
GSV
GSV
GSV
GSV
GSV
GSV
GSV
GSA
VTG
RMC
GGA
GSV
GSV
GSV
GSV
GSV
GSV
GSV
GSA
VTG
RMC
GGA
GSV
GSV
GSV
GSV
GSV
GSV
GSV
GSA
VTG
RMC
GGA
GSV
GSV
GSV
GSV
GSV
GSV
GSV
GSA
VTG
RMC
GGA
GSV
GSV
GSV
GSV
GSV
GSV
GSV
GSA
VTG
RMC
GGA
GSV
GSV
GSV
GSV
GSV
GSV
GSV
GSA
VTG
RMC
GGA
GSV
GSV
GSV
GSV
GSV
GSV
GSV
GSA
VTG
RMC
GGA
GSV
GSV
GSV
GSV
GSV
GSV
GSV
GSA
VTG
RMC
GGA
GSV
GSV
GSV
GSV
GSV
GSV
GSV
GSA
VTG
RMC
GGA
GSV
GSV
GSV
GSV
GSV
GSV
GSV
GSA
VTG
RMC
GGA
GSV
GSV
GSV
GSV
GSV
GSV
GSV
GSA
VTG
RMC
GGA
GSV
GSV
GSV
GSV
GSV
GSV
GSV
GSA
VTG
RMC
GGA
GSV
GSV
GSV
GSV
GSV
GSV
GSV
GSA
VTG
RMC
GGA
GSV
GSV
GSV
GSV
GSV
GSV
GSV
GSA
VTG
RMC
GGA
GSV
GSV
GSV
GSV
GSV
GSV
GSV
GSA
VTG
RMC
GGA
GSV
GSV
GSV
GSV
GSV
GSV
GSV
GSA
VTG
RMC
GGA
GSV
GSV
GSV
GSV
GSV
GSV
GSV
GSA
VTG
RMC
GGA
GSV
GSV
GSV
GSV
GSV
GSV
GSV
GSA
VTG
RMC
GGA
GSV
GSV
GSV
GSV
GSV
GSV
GSV
GSA
VTG
RMC
GGA
GSV
GSV
GSV
GSV
GSV
GSV
GSV
GSA
VTG
RMC
GGA
GSV
GSV
GSV
GSV
GSV
GSV
GSV
GSA
VTG
RMC
GGA
GSV
GSV
GSV
GSV
GSV
GSV
GSV
GSA
VTG
RMC
GGA
GSV
GSV
GSV
GSV
GSV
GSV
GSV
GSA
VTG
RMC
GGA
GSV
GSV
GSV
GSV
GSV
GSV
GSV
GSA
VTG
RMC
GGA
GSV
GSV
GSV
GSV
GSV
GSV
GSV
GSA
VTG
RMC
GGA
GSV
GSV
GSV
GSV
GSV
GSV
GSV
GSA
VTG
RMC
GGA
GSV
GSV
GSV
GSV
GSV
GSV
GSV
GSA
VTG
RMC
GGA
GSV
GSV
GSV
GSV
GSV
GSV
GSV
GSA
VTG
RMC
GGA
GSV
GSV
GSV
GSV
GSV
GSV
GSV
GSA
VTG
RMC
GGA
GSV
GSV
GSV
GSV
GSV
GSV
GSV
GSA
VTG
RMC
GGA
GSV
GSV
GSV
GSV
GSV
GSV
GSV
GSA
VTG
RMC
GGA
GSV
GSV
GSV
GSV
GSV
GSV
GSV
GSA
VTG
RMC
GGA
GSV
GSV
GSV
GSV
GSV
GSV
GSV
GSA
VTG
RMC
GGA
GSV
GSV
GSV
GSV
GSV
GSV
GSV
GSA
VTG
RMC
GGA
GSV
GSV
GSV
GSV
GSV
GSV
GSV
GSA
VTG
RMC
GGA
GSV
GSV
GSV
GSV
GSV
GSV
GSV
GSA
VTG
RMC
GGA
GSV
GSV
GSV
GSV
GSV
GSV
GSV
GSA
VTG
RMC
GGA
GSV
GSV
GSV
GSV
GSV
GSV
GSV
GSA
VTG
RMC
GGA
GSV
GSV
GSV
GSV
GSV
GSV
GSV
GSA
VTG
RMC
GGA
GSV
GSV
GSV
GSV
GSV
GSV
GSV
GSA
VTG
RMC
GGA
GSV
GSV
GSV
GSV
GSV
GSV
GSV
GSA
VTG
RMC
GGA
GSV
GSV
GSV
GSV
GSV
GSV
GSV
GSA
VTG
RMC
GGA
GSV
GSV
GSV
GSV
GSV
GSV
GSV
GSA
VTG
RMC
GGA
GSV
GSV
GSV
GSV
GSV
GSV
GSV
GSA
VTG
RMC
GGA
GSV
GSV
GSV
GSV
GSV
GSV
GSA
VTG
RMC
GGA
GSV
GSV
GSV
GSV
GSV
GSV
GSV
GSA
VTG
RMC
GGA
GSV
GSV
GSV
GSV
GSV
GSV
GSV
GSA
VTG
RMC
GGA
GSV
GSV
GSV
GSV
GSV
GSV
GSA
VTG
RMC
GGA
GSV
GSV
GSV
GSV
GSV
GSV
GSV
GSA
VTG
RMC
GGA
GSV
GSV
GSV
GSV
GSV
GSV
GSV
GSA
VTG
RMC
GGA
GSV
GSV
GSV
GSV
GSV
GSV
GSV
GSA
VTG
RMC
GGA
GSV
GSV
GSV
GSV
GSV
GSV
GSV
GSA
VTG
RMC
GGA
GSV
GSV
GSV
GSV
GSV
GSV
GSV
GSA
VTG
RMC
GGA
GSV
GSV
GSV
GSV
GSV
GSV
GSV
GSA
VTG
RMC
GGA
GSV
GSV
GSV
GSV
GSV
GSV
GSV
GSA
VTG
RMC
GGA
GSV
GSV
GSV
GSV
GSV
GSV
GSV
GSA
VTG
RMC
GGA
GSV
GSV
GSV
GSV
GSV
GSV
GSV
GSA
VTG
RMC
GGA
GSV
GSV
GSV
GSV
GSV
GSV
GSV
GSA
VTG
RMC
GGA
GSV
GSV
GSV
GSV
GSV
GSV
GSV
GSA
VTG
RMC
GGA
GSV
GSV
GSV
GSV
GSV
GSV
GSV
GSA
VTG
RMC
GGA
GSV
GSV
GSV
GSV
GSV
GSV
GSV
GSA
VTG
RMC
GGA
GSV
GSV
GSV
GSV
GSV
GSV
GSV
GSA
VTG
RMC
GGA
GSV
GSV
GSV
GSV
GSV
GSV
GSV
GSA
VTG
RMC
GGA
GSV
GSV
GSV
GSV
GSV
GSV
GSV
GSA
VTG
RMC
GGA
GSV
GSV
GSV
GSV
GSV
GSV
GSV
GSA
VTG
RMC
GGA
GSV
GSV
GSV
GSV
GSV
GSV
GSV
GSA
VTG
RMC
GGA
GSV
GSV
GSV
GSV
GSV
GSV
GSV
GSA
VTG
RMC
GGA
GSV
GSV
GSV
GSV
GSV
GSV
GSV
GSA
VTG
RMC
GGA
GSV
GSV
GSV
GSV
GSV
GSV
GSV
GSA
VTG
RMC
GGA
GSV
GSV
GSV
GSV
GSV
GSV
GSV
GSA
VTG
RMC
GGA
GSV
GSV
GSV
GSV
GSV
GSV
GSV
GSA
VTG
RMC
GGA
GSV
GSV
GSV
GSV
GSV
GSV
GSV
GSA
VTG
RMC
GGA
GSV
GSV
GSV
GSV
GSV
GSV
GSV
GSA
VTG
RMC
GGA
GSV
GSV
GSV
GSV
GSV
GSV
GSV
GSA
VTG
RMC
GGA
GSV
GSV
GSV
GSV
GSV
GSV
GSV
GSA
VTG
RMC
GGA
GSV
GSV
GSV
GSV
GSV
GSV
GSV
GSA
VTG
RMC
GGA
GSV
GSV
GSV
GSV
GSV
GSV
GSV
GSA
VTG
RMC
GGA
GSV
GSV
GSV
GSV
GSV
GSV
GSV
GSA
VTG
RMC
GGA
GSV
GSV
GSV
GSV
GSV
GSV
GSV
GSA
VTG
RMC
GGA
GSV
GSV
GSV
GSV
GSV
GSV
GSV
GSA
VTG
RMC
GGA
GSV
GSV
GSV
GSV
GSV
GSV
GSV
GSA
VTG
RMC
GGA
GSV
GSV
GSV
GSV
GSV
GSV
GSV
GSA
VTG
RMC
GGA
GSV
GSV
GSV
GSV
GSV
GSV
GSV
GSA
VTG
RMC
GGA
GSV
GSV
GSV
GSV
GSV
GSV
GSV
GSA
VTG
RMC
GGA
GSV
GSV
GSV
GSV
GSV
GSV
GSV
GSA
VTG
RMC
GGA
GSV
GSV
GSV
GSV
GSV
GSV
GSV
GSA
VTG
RMC
GGA
GSV
GSV
GSV
GSV
GSV
GSV
GSV
GSA
VTG
RMC
GGA
GSV
GSV
GSV
GSV
GSV
GSV
GSV
GSA
VTG
RMC
GGA
GSV
GSV
GSV
GSV
GSV
GSV
GSV
GSA
VTG
RMC
GGA
GSV
GSV
GSV
GSV
GSV
GSV
GSV
GSA
VTG
RMC
GGA
GSV
GSV
GSV
GSV
GSV
GSV
GSV
GSA
VTG
RMC
GGA
GSV
GSV
GSV
GSV
GSV
GSV
GSV
GSA
VTG
RMC
GGA
GSV
GSV
GSV
GSV
GSV
GSV
GSV
GSA
VTG
RMC
GGA
GSV
GSV
GSV
GSV
GSV
GSV
GSV
GSA
VTG
RMC
GGA
GSV
GSV
GSV
GSV
GSV
GSV
GSV
GSA
VTG
RMC
GGA
GSV
GSV
GSV
GSV
GSV
GSV
GSV
GSA
VTG
RMC
GGA
GSV
GSV
GSV
GSV
GSV
GSV
GSV
GSA
VTG
RMC
GGA
GSV
GSV
GSV
GSV
GSV
GSV
GSV
GSA
VTG
RMC
GGA
GSV
GSV
GSV
GSV
GSV
GSV
GSV
GSA
VTG
RMC
GGA
GSV
GSV
GSV
GSV
GSV
GSV
GSA
VTG
RMC
GGA
GSV
GSV
GSV
GSV
GSV
GSV
GSV
GSA
VTG
RMC
GGA
GSV
GSV
GSV
GSV
GSV
GSV
GSV
GSA
VTG
RMC
GGA
GSV
GSV
GSV
GSV
GSV
GSV
GSV
GSA
VTG
RMC
GGA
GSV
GSV
GSV
GSV
GSV
GSV
GSV
GSA
VTG
RMC
GGA
GSV
GSV
GSV
GSV
GSV
GSV
GSV
GSA
VTG
RMC
GGA
GSV
GSV
GSV
GSV
GSV
GSV
GSV
GSA
VTG
RMC
GGA
GSV
GSV
GSV
GSV
GSV
GSV
GSV
GSA
VTG
RMC
GGA
GSV
GSV
GSV
GSV
GSV
GSV
GSV
GSA
VTG
RMC
GGA
GSV
GSV
GSV
GSV
GSV
GSV
GSV
GSA
VTG
RMC
GGA
GSV
GSV
GSV
GSV
GSV
GSV
GSV
GSA
VTG
RMC
GGA
GSV
GSV
GSV
GSV
GSV
GSV
GSV
GSA
VTG
RMC
GGA
GSV
GSV
GSV
GSV
GSV
GSV
GSV
GSA
VTG
RMC
GGA
GSV
GSV
GSV
GSV
GSV
GSV
GSV
GSA
VTG
RMC
GGA
GSV
GSV
GSV
GSV
GSV
GSV
GSV
GSA
VTG
RMC
GGA
GSV
GSV
GSV
GSV
GSV
GSV
GSV
GSA
VTG
RMC
GGA
GSV
GSV
GSV
GSV
GSV
GSV
GSV
GSA
VTG
RMC
GGA
GSV
GSV
GSV
GSV
GSV
GSV
GSV
GSA
VTG
RMC
GGA
GSV
GSV
GSV
GSV
GSV
GSV
GSV
GSA
VTG
RMC
GGA
GSV
GSV
GSV
GSV
GSV
GSV
GSV
GSA
VTG
RMC
GGA
GSV
GSV
GSV
GSV
GSV
GSV
GSV
GSA
VTG
RMC
GGA
GSV
GSV
GSV
GSV
GSV
GSV
GSV
GSA
VTG
RMC
GGA
GSV
GSV
GSV
GSV
GSV
GSV
GSV
GSA
VTG
RMC
GGA
GSV
GSV
GSV
GSV
GSV
GSV
GSV
GSA
VTG
RMC
GGA
GSV
GSV
GSV
GSV
GSV
GSV
GSV
GSA
VTG
RMC
GGA
GSV
GSV
GSV
GSV
GSV
GSV
GSV
GSA
VTG
RMC
GGA
GSV
GSV
GSV
GSV
GSV
GSV
GSV
GSA
VTG
RMC
GGA
GSV
GSV
GSV
GSV
GSV
GSV
GSV
GSA
VTG
RMC
GGA
GSV
GSV
GSV
GSV
GSV
GSV
GSV
GSA
VTG
RMC
GGA
GSV
GSV
GSV
GSV
GSV
GSV
GSV
GSA
VTG
RMC
GGA
GSV
GSV
GSV
GSV
GSV
GSV
GSV
GSA
VTG
RMC
GGA
GSV
GSV
GSV
GSV
GSV
GSV
GSV
GSA
VTG
RMC
GGA
GSV
GSV
GSV
GSV
GSV
GSV
GSV
GSA
VTG
RMC
GGA
GSV
GSV
GSV
GSV
GSV
GSV
GSV
GSA
VTG
RMC
GGA
GSV
GSV
GSV
GSV
GSV
GSV
GSV
GSA
VTG
RMC
GGA
GSV
GSV
GSV
GSV
GSV
GSV
GSV
GSA
VTG
RMC
GGA
GSV
GSV
GSV
GSV
GSV
GSV
GSV
GSA
VTG
RMC
GGA
GSV
GSV
GSV
GSV
GSV
GSV
GSV
GSA
VTG
RMC
GGA
GSV
GSV
GSV
GSV
GSV
GSV
GSV
GSA
VTG
RMC
GGA
GSV
GSV
GSV
GSV
GSV
GSV
GSV
GSA
VTG
RMC
GGA
GSV
GSV
GSV
GSV
GSV
GSV
GSV
GSA
VTG
RMC
GGA
GSV
GSV
GSV
GSV
GSV
GSV
GSV
GSA
VTG
RMC
GGA
GSV
GSV
GSV
GSV
GSV
GSV
GSV
GSA
VTG
RMC
GGA
GSV
GSV
GSV
GSV
GSV
GSV
GSV
GSA
VTG
RMC
GGA
GSV
GSV
GSV
GSV
GSV
GSV
GSV
GSA
VTG
RMC
GGA
GSV
GSV
GSV
GSV
GSV
GSV
GSV
GSA
VTG
RMC
GGA
GSV
GSV
GSV
GSV
GSV
GSV
GSV
GSA
VTG
RMC
GGA
GSV
GSV
GSV
GSV
GSV
GSV
GSV
GSA
VTG
RMC
GGA
GSV
GSV
GSV
GSV
GSV
GSV
GSV
GSA
VTG
RMC
GGA
GSV
GSV
GSV
GSV
GSV
GSV
GSV
GSA
VTG
RMC
GGA
GSV
GSV
GSV
GSV
GSV
GSV
GSV
GSA
VTG
RMC
GGA
GSV
GSV
GSV
GSV
GSV
GSV
GSV
GSA
VTG
RMC
GGA
GSV
GSV
GSV
GSV
GSV
GSV
GSV
GSA
VTG
RMC
GGA
GSV
GSV
GSV
GSV
GSV
GSV
GSV
GSA
VTG
RMC
GGA
GSV
GSV
GSV
GSV
GSV
GSV
GSV
GSA
VTG
RMC
GGA
GSV
GSV
GSV
GSV
GSV
GSV
GSV
GSA
VTG
RMC
GGA
GSV
GSV
GSV
GSV
GSV
GSV
GSV
GSA
VTG
RMC
GGA
GSV
GSV
GSV
GSV
GSV
GSV
GSV
GSA
VTG
RMC
GGA
GSV
GSV
GSV
GSV
GSV
GSV
GSV
GSA
VTG
RMC
GGA
GSV
GSV
GSV
GSV
GSV
GSV
GSV
GSA
VTG
RMC
GGA
GSV
GSV
GSV
GSV
GSV
GSV
GSV
GSA
VTG
RMC
GGA
GSV
GSV
GSV
GSV
GSV
GSV
GSV
GSA
VTG
RMC
GGA
GSV
GSV
GSV
GSV
GSV
GSV
GSV
GSA
VTG
RMC
GGA
GSV
GSV
GSV
GSV
GSV
GSV
GSV
GSA
VTG
RMC
GGA
GSV
GSV
GSV
GSV
GSV
GSV
GSV
GSA
VTG
RMC
GGA
GSV
GSV
GSV
GSV
GSV
GSV
GSV
GSA
VTG
RMC
GGA
GSV
GSV
GSV
GSV
GSV
GSV
GSV
GSA
VTG
RMC
GGA
GSV
GSV
GSV
GSV
GSV
GSV
GSV
GSA
VTG
RMC
GGA
GSV
GSV
GSV
GSV
GSV
GSV
GSV
GSA
VTG
RMC
GGA
GSV
GSV
GSV
GSV
GSV
GSV
GSV
GSA
VTG
RMC
GGA
GSV
GSV
GSV
GSV
GSV
GSV
GSV
GSA
VTG
RMC
GGA
GSV
GSV
GSV
GSV
GSV
GSV
GSV
GSA
VTG
RMC
GGA
GSV
GSV
GSV
GSV
GSV
GSV
GSV
GSA
VTG
RMC
GGA
GSV
GSV
GSV
GSV
GSV
GSV
GSV
GSA
VTG
RMC
GGA
GSV
GSV
GSV
GSV
GSV
GSV
GSV
GSA
VTG
RMC
GGA
GSV
GSV
GSV
GSV
GSV
GSV
GSV
GSA
VTG
RMC
GGA
GSV
GSV
GSV
GSV
GSV
GSV
GSV
GSA
VTG
RMC
GGA
GSV
GSV
GSV
GSV
GSV
GSV
GSV
GSA
VTG
RMC
GGA
GSV
GSV
GSV
GSV
GSV
GSV
GSV
GSA
VTG
RMC
GGA
GSV
GSV
GSV
GSV
GSV
GSV
GSV
GSA
VTG
RMC
GGA
GSV
GSV
GSV
GSV
GSV
GSV
GSV
GSA
VTG
RMC
GGA
GSV
GSV
GSV
GSV
GSV
GSV
GSV
GSA
VTG
RMC
GGA
GSV
GSV
GSV
GSV
GSV
GSV
GSV
GSA
VTG
RMC
GGA
GSV
GSV
GSV
GSV
GSV
GSV
GSV
GSA
VTG
RMC
GGA
GSV
GSV
GSV
GSV
GSV
GSV
GSV
GSA
VTG
RMC
GGA
GSV
GSV
GSV
GSV
GSV
GSV
GSV
GSA
VTG
RMC
GGA
GSV
GSV
GSV
GSV
GSV
GSV
GSV
GSA
VTG
RMC
GGA
GSV
GSV
GSV
GSV
GSV
GSV
GSV
GSA
VTG
RMC
GGA
GSV
GSV
GSV
GSV
GSV
GSV
GSV
GSA
VTG
RMC
GGA
GSV
GSV
GSV
GSV
GSV
GSV
GSV
GSA
VTG
RMC
GGA
GSV
GSV
GSV
GSV
GSV
GSV
GSV
GSA
VTG
RMC
GGA
GSV
GSV
GSV
GSV
GSV
GSV
GSV
GSA
VTG
RMC
GGA
GSV
GSV
GSV
GSV
GSV
GSV
GSV
GSA
VTG
RMC
GGA
GSV
GSV
GSV
GSV
GSV
GSV
GSV
GSA
VTG
RMC
GGA
GSV
GSV
GSV
GSV
GSV
GSV
GSV
GSA
VTG
RMC
GGA
GSV
GSV
GSV
GSV
GSV
GSV
GSV
GSA
VTG
RMC
GGA
GSV
GSV
GSV
GSV
GSV
GSV
GSV
GSA
VTG
RMC
GGA
GSV
GSV
GSV
GSV
GSV
GSV
GSV
GSA
VTG
RMC
GGA
GSV
GSV
GSV
GSV
GSV
GSV
GSV
GSA
VTG
RMC
GGA
GSV
GSV
GSV
GSV
GSV
GSV
GSV
GSA
VTG
RMC
GGA
GSV
GSV
GSV
GSV
GSV
GSV
GSV
GSA
VTG
RMC
GGA
GSV
GSV
GSV
GSV
GSV
GSV
GSV
GSA
VTG
RMC
GGA
GSV
GSV
GSV
GSV
GSV
GSV
GSV
GSA
VTG
RMC
GGA
GSV
GSV
GSV
GSV
GSV
GSV
GSV
GSA
VTG
RMC
GGA
GSV
GSV
GSV
GSV
GSV
GSV
GSV
GSA
VTG
RMC
GGA
GSV
GSV
GSV
GSV
GSV
GSV
GSV
GSA
VTG
RMC
GGA
GSV
GSV
GSV
GSV
GSV
GSV
GSV
GSA
VTG
RMC
GGA
GSV
GSV
GSV
GSV
GSV
GSV
GSV
GSA
VTG
RMC
GGA
GSV
GSV
GSV
GSV
GSV
GSV
GSV
GSA
VTG
RMC
GGA
GSV
GSV
GSV
GSV
GSV
GSV
GSV
GSA
VTG
RMC
GGA
GSV
GSV
GSV
GSV
GSV
GSV
GSV
GSA
VTG
RMC
GGA
GSV
GSV
GSV
GSV
GSV
GSV
GSV
GSA
VTG
RMC
GGA
GSV
GSV
GSV
GSV
GSV
GSV
GSV
GSA
VTG
RMC
GGA
GSV
GSV
GSV
GSV
GSV
GSV
GSV
GSA
VTG
RMC
GGA
GSV
GSV
GSV
GSV
GSV
GSV
GSV
GSA
VTG
RMC
GGA
GSV
GSV
GSV
GSV
GSV
GSV
GSV
GSA
VTG
RMC
GGA
GSV
GSV
GSV
GSV
GSV
GSV
GSV
GSA
VTG
RMC
GGA
GSV
GSV
GSV
GSV
GSV
GSV
GSV
GSA
VTG
RMC
GGA
GSV
GSV
GSV
GSV
GSV
GSV
GSV
GSA
VTG
RMC
GGA
GSV
GSV
GSV
GSV
GSV
GSV
GSV
GSA
VTG
RMC
GGA
GSV
GSV
GSV
GSV
GSV
GSV
GSV
GSA
VTG
RMC
GGA
GSV
GSV
GSV
GSV
GSV
GSV
GSV
GSA
VTG
RMC
GGA
GSV
GSV
GSV
GSV
GSV
GSV
GSV
GSA
VTG
RMC
GGA
GSV
GSV
GSV
GSV
GSV
GSV
GSV
GSA
VTG
RMC
GGA
GSV
GSV
GSV
GSV
GSV
GSV
GSV
GSA
VTG
RMC
GGA
GSV
GSV
GSV
GSV
GSV
GSV
GSV
GSA
VTG
RMC
GGA
GSV
GSV
GSV
GSV
GSV
GSV
GSV
GSA
VTG
RMC
GGA
GSV
GSV
GSV
GSV
GSV
GSV
GSV
GSA
VTG
RMC
GGA
GSV
GSV
GSV
GSV
GSV
GSV
GSV
GSA
VTG
RMC
GGA
GSV
GSV
GSV
GSV
GSV
GSV
GSV
GSA
VTG
RMC
GGA
GSV
GSV
GSV
GSV
GSV
GSV
GSV
GSA
VTG
RMC
GGA
GSV
GSV
GSV
GSV
GSV
GSV
GSV
GSA
VTG
RMC
GGA
GSV
GSV
GSV
GSV
GSV
GSV
GSV
GSA
VTG
RMC
GGA
GSV
GSV
GSV
GSV
GSV
GSV
GSV
GSA
VTG
RMC
GGA
GSV
GSV
GSV
GSV
GSV
GSV
GSV
GSA
VTG
RMC
GGA
GSV
GSV
GSV
GSV
GSV
GSV
GSV
GSA
VTG
RMC
GGA
GSV
GSV
GSV
GSV
GSV
GSV
GSV
GSA
VTG
RMC
GGA
GSV
GSV
GSV
GSV
GSV
GSV
GSV
GSA
VTG
RMC
GGA
GSV
GSV
GSV
GSV
GSV
GSV
GSV
GSA
VTG
RMC
GGA
GSV
GSV
GSV
GSV
GSV
GSV
GSV
GSA
VTG
RMC
GGA
GSV
GSV
GSV
GSV
GSV
GSV
GSV
GSA
VTG
RMC
GGA
GSV
GSV
GSV
GSV
GSV
GSV
GSV
GSA
VTG
RMC
GGA
GSV
GSV
GSV
GSV
GSV
GSV
GSV
GSA
VTG
RMC
GGA
GSV
GSV
GSV
GSV
GSV
GSV
GSV
GSA
VTG
RMC
GGA
GSV
GSV
GSV
GSV
GSV
GSV
GSV
GSA
VTG
RMC
GGA
GSV
GSV
GSV
GSV
GSV
GSV
GSV
GSA
VTG
RMC
GGA
GSV
GSV
GSV
GSV
GSV
GSV
GSV
GSA
VTG
RMC
GGA
GSV
GSV
GSV
GSV
GSV
GSV
GSV
GSA
VTG
RMC
GGA
GSV
GSV
GSV
GSV
GSV
GSV
GSV
GSA
VTG
RMC
GGA
GSV
GSV
GSV
GSV
GSV
GSV
GSV
GSA
VTG
RMC
GGA
GSV
GSV
GSV
GSV
GSV
GSV
GSV
GSA
VTG
RMC
GGA
GSV
GSV
GSV
GSV
GSV
GSV
GSV
GSA
VTG
RMC
GGA
GSV
GSV
GSV
GSV
GSV
GSV
GSV
GSA
VTG
RMC
GGA
GSV
GSV
GSV
GSV
GSV
GSV
GSV
GSA
VTG
RMC
GGA
GSV
GSV
GSV
GSV
GSV
GSV
GSV
GSA
VTG
RMC
GGA
GSV
GSV
GSV
GSV
GSV
GSV
GSV
GSA
VTG
RMC
GGA
GSV
GSV
GSV
GSV
GSV
GSV
GSV
GSA
VTG
RMC
GGA
GSV
GSV
GSV
GSV
GSV
GSV
GSV
GSA
VTG
RMC
GGA
GSV
GSV
GSV
GSV
GSV
GSV
GSV
GSA
VTG
RMC
GGA
GSV
GSV
GSV
GSV
GSV
GSV
GSV
GSA
VTG
RMC
GGA
GSV
GSV
GSV
GSV
GSV
GSV
GSV
GSA
VTG
RMC
GGA
GSV
GSV
GSV
GSV
GSV
GSV
GSV
GSA
VTG
RMC
GGA
GSV
GSV
GSV
GSV
GSV
GSV
GSV
GSA
VTG
RMC
GGA
GSV
GSV
GSV
GSV
GSV
GSV
GSV
GSA
VTG
RMC
GGA
GSV
GSV
GSV
GSV
GSV
GSV
GSV
GSA
VTG
RMC
GGA
GSV
GSV
GSV
GSV
GSV
GSV
GSV
GSA
VTG
RMC
GGA
GSV
GSV
GSV
GSV
GSV
GSV
GSV
GSA
VTG
RMC
GGA
GSV
GSV
GSV
GSV
GSV
GSV
GSV
GSA
VTG
RMC
GGA
GSV
GSV
GSV
GSV
GSV
GSV
GSV
GSA
VTG
RMC
GGA
GSV
GSV
GSV
GSV
GSV
GSV
GSV
GSA
VTG
RMC
GGA
GSV
GSV
GSV
GSV
GSV
GSV
GSV
GSA
VTG
RMC
GGA
GSV
GSV
GSV
GSV
GSV
GSV
GSV
GSA
VTG
RMC
GGA
GSV
GSV
GSV
GSV
GSV
GSV
GSV
GSA
VTG
RMC
GGA
GSV
GSV
GSV
GSV
GSV
GSV
GSV
GSA
VTG
RMC
GGA
GSV
GSV
GSV
GSV
GSV
GSV
GSV
GSA
VTG
RMC
GGA
GSV
GSV
GSV
GSV
GSV
GSV
GSV
GSA
VTG
RMC
GGA
GSV
GSV
GSV
GSV
GSV
GSV
GSV
GSA
VTG
RMC
GGA
GSV
GSV
GSV
GSV
GSV
GSV
GSV
GSA
VTG
RMC
GGA
GSV
GSV
GSV
GSV
GSV
GSV
GSV
GSA
VTG
RMC
GGA
GSV
GSV
GSV
GSV
GSV
GSV
GSV
GSA
VTG
RMC
GGA
GSV
GSV
GSV
GSV
GSV
GSV
GSV
GSA
VTG
RMC
GGA
GSV
GSV
GSV
GSV
GSV
GSV
GSV
GSA
VTG
RMC
GGA
GSV
GSV
GSV
GSV
GSV
GSV
GSV
GSA
VTG
RMC
GGA
GSV
GSV
GSV
GSV
GSV
GSV
GSV
GSA
VTG
RMC
GGA
GSV
GSV
GSV
GSV
GSV
GSV
GSV
GSA
VTG
RMC
GGA
GSV
GSV
GSV
GSV
GSV
GSV
GSV
GSA
VTG
RMC
GGA
GSV
GSV
GSV
GSV
GSV
GSV
GSV
GSA
VTG
RMC
GGA
GSV
GSV
GSV
GSV
GSV
GSV
GSV
GSA
VTG
RMC
GGA
GSV
GSV
GSV
GSV
GSV
GSV
GSV
GSA
VTG
RMC
GGA
GSV
GSV
GSV
GSV
GSV
GSV
GSV
GSA
VTG
RMC
GGA
GSV
GSV
GSV
GSV
GSV
GSV
GSV
GSA
VTG
RMC
GGA
GSV
GSV
GSV
GSV
GSV
GSV
GSV
GSA
VTG
RMC
GGA
GSV
GSV
GSV
GSV
GSV
GSV
GSV
GSA
VTG
RMC
GGA
GSV
GSV
GSV
GSV
GSV
GSV
GSV
GSA
VTG
RMC
GGA
GSV
GSV
GSV
GSV
GSV
GSV
GSV
GSA
VTG
RMC
GGA
GSV
GSV
GSV
GSV
GSV
GSV
GSV
GSA
VTG
RMC
GGA
GSV
GSV
GSV
GSV
GSV
GSV
GSV
GSA
VTG
RMC
GGA
GSV
GSV
GSV
GSV
GSV
GSV
GSV
GSA
VTG
RMC
GGA
GSV
GSV
GSV
GSV
GSV
GSV
GSV
GSA
VTG
RMC
GGA
GSV
GSV
GSV
GSV
GSV
GSV
GSV
GSA
VTG
RMC
GGA
GSV
GSV
GSV
GSV
GSV
GSV
GSV
GSA
VTG
RMC
GGA
GSV
GSV
GSV
GSV
GSV
GSV
GSV
GSA
VTG
RMC
GGA
GSV
GSV
GSV
GSV
GSV
GSV
GSV
GSA
VTG
RMC
GGA
GSV
GSV
GSV
GSV
GSV
GSV
GSV
GSA
VTG
RMC
GGA
GSV
GSV
GSV
GSV
GSV
GSV
GSV
GSA
VTG
RMC
GGA
GSV
GSV
GSV
GSV
GSV
GSV
GSV
GSA
VTG
RMC
GGA
GSV
GSV
GSV
GSV
GSV
GSV
GSV
GSA
VTG
RMC
GGA
GSV
GSV
GSV
GSV
GSV
GSV
GSV
GSA
VTG
RMC
GGA
GSV
GSV
GSV
GSV
GSV
GSV
GSV
GSA
VTG
RMC
GGA
GSV
GSV
GSV
GSV
GSV
GSV
GSV
GSA
VTG
RMC
GGA
GSV
GSV
GSV
GSV
GSV
GSV
GSV
GSA
VTG
RMC
GGA
GSV
GSV
GSV
GSV
GSV
GSV
GSV
GSA
VTG
RMC
GGA
GSV
GSV
GSV
GSV
GSV
GSV
GSV
GSA
VTG
RMC
GGA
GSV
GSV
GSV
GSV
GSV
GSV
GSV
GSA
VTG
RMC
GGA
GSV
GSV
GSV
GSV
GSV
GSV
GSV
GSA
VTG
RMC
GGA
GSV
GSV
GSV
GSV
GSV
GSV
GSV
GSA
VTG
RMC
GGA
GSV
GSV
GSV
GSV
GSV
GSV
GSV
GSA
VTG
RMC
GGA
GSV
GSV
GSV
GSV
GSV
GSV
GSV
GSA
VTG
RMC
GGA
GSV
GSV
GSV
GSV
GSV
GSV
GSV
GSA
VTG
RMC
GGA
GSV
GSV
GSV
GSV
GSV
GSV
GSV
GSA
VTG
RMC
GGA
GSV
GSV
GSV
GSV
GSV
GSV
GSV
GSA
VTG
RMC
GGA
GSV
GSV
GSV
GSV
GSV
GSV
GSV
GSA
VTG
RMC
GGA
GSV
GSV
GSV
GSV
GSV
GSV
GSV
GSA
VTG
RMC
GGA
GSV
GSV
GSV
GSV
GSV
GSV
GSV
GSA
VTG
RMC
GGA
GSV
GSV
GSV
GSV
GSV
GSV
GSV
GSA
VTG
RMC
GGA
GSV
GSV
GSV
GSV
GSV
GSV
GSV
GSA
VTG
RMC
GGA
GSV
GSV
GSV
GSV
GSV
GSV
GSV
GSA
VTG
RMC
GGA
GSV
GSV
GSV
GSV
GSV
GSV
GSV
GSA
VTG
RMC
GGA
GSV
GSV
GSV
GSV
GSV
GSV
GSV
GSA
VTG
RMC
GGA
GSV
GSV
GSV
GSV
GSV
GSV
GSV
GSA
VTG
RMC
GGA
GSV
GSV
GSV
GSV
GSV
GSV
GSV
GSA
VTG
RMC
GGA
GSV
GSV
GSV
GSV
GSV
GSV
GSV
GSA
VTG
RMC
GGA
GSV
GSV
GSV
GSV
GSV
GSV
GSV
GSA
VTG
RMC
GGA
GSV
GSV
GSV
GSV
GSV
GSV
GSV
GSA
VTG
RMC
GGA
GSV
GSV
GSV
GSV
GSV
GSV
GSV
GSA
VTG
RMC
GGA
GSV
GSV
GSV
GSV
GSV
GSV
GSA
VTG
RMC
GGA
GSV
GSV
GSV
GSV
GSV
GSV
GSV
GSA
VTG
RMC
GGA
GSV
GSV
GSV
GSV
GSV
GSV
GSV
GSA
VTG
RMC
GGA
GSV
GSV
GSV
GSV
GSV
GSV
GSV
GSA
VTG
RMC
GGA
GSV
GSV
GSV
GSV
GSV
GSV
GSV
GSA
VTG
RMC
GGA
GSV
GSV
GSV
GSV
GSV
GSV
GSV
GSA
VTG
RMC
GGA
GSV
GSV
GSV
GSV
GSV
GSV
GSV
GSA
VTG
RMC
GGA
GSV
GSV
GSV
GSV
GSV
GSV
GSV
GSA
VTG
RMC
GGA
GSV
GSV
GSV
GSV
GSV
GSV
GSV
GSA
VTG
RMC
GGA
GSV
GSV
GSV
GSV
GSV
GSV
GSV
GSA
VTG
RMC
GGA
GSV
GSV
GSV
GSV
GSV
GSV
GSV
GSA
VTG
RMC
GGA
GSV
GSV
GSV
GSV
GSV
GSV
GSV
GSA
VTG
RMC
GGA
GSV
GSV
GSV
GSV
GSV
GSV
GSV
GSA
VTG
RMC
GGA
GSV
GSV
GSV
GSV
GSV
GSV
GSV
GSA
VTG
RMC
GGA
GSV
GSV
GSV
GSV
GSV
GSV
GSV
GSA
VTG
RMC
GGA
GSV
GSV
GSV
GSV
GSV
GSV
GSV
GSA
VTG
RMC
GGA
GSV
GSV
GSV
GSV
GSV
GSV
GSV
GSA
VTG
RMC
GGA
GSV
GSV
GSV
GSV
GSV
GSV
GSV
GSA
VTG
RMC
GGA
GSV
GSV
GSV
GSV
GSV
GSV
GSV
GSA
VTG
RMC
GGA
GSV
GSV
GSV
GSV
GSV
GSV
GSV
GSA
VTG
RMC
GGA
GSV
GSV
GSV
GSV
GSV
GSV
GSV
GSA
VTG
RMC
GGA
GSV
GSV
GSV
GSV
GSV
GSV
GSV
GSA
VTG
RMC
GGA
GSV
GSV
GSV
GSV
GSV
GSV
GSV
GSA
VTG
RMC
GGA
GSV
GSV
GSV
GSV
GSV
GSV
GSV
GSA
VTG
RMC
GGA
GSV
GSV
GSV
GSV
GSV
GSV
GSV
GSA
VTG
RMC
GGA
GSV
GSV
GSV
GSV
GSV
GSV
GSV
GSA
VTG
RMC
GGA
GSV
GSV
GSV
GSV
GSV
GSV
GSV
GSA
VTG
RMC
GGA
GSV
GSV
GSV
GSV
GSV
GSV
GSV
GSA
VTG
RMC
GGA
GSV
GSV
GSV
GSV
GSV
GSV
GSV
GSA
VTG
RMC
GGA
GSV
GSV
GSV
GSV
GSV
GSV
GSV
GSA
VTG
RMC
GGA
GSV
GSV
GSV
GSV
GSV
GSV
GSV
GSA
VTG
RMC
GGA
GSV
GSV
GSV
GSV
GSV
GSV
GSV
GSA
VTG
RMC
GGA
GSV
GSV
GSV
GSV
GSV
GSA
VTG
RMC
GGA
GSV
GSV
GSV
GSV
GSV
GSV
GSA
VTG
RMC
GGA
GSV
GSV
GSV
GSV
GSV
GSV
GSA
VTG
RMC
GGA
GSV
GSV
GSV
GSV
GSV
GSV
GSA
VTG
RMC
GGA
GSV
GSV
GSV
GSV
GSV
GSA
VTG
RMC
GGA
GSV
GSV
GSV
GSV
GSV
GSA
VTG
RMC
GGA
GSV
GSV
GSV
GSV
GSV
GSA
VTG
RMC
GGA
GSV
GSV
GSV
GSV
GSV
GSV
GSV
GSA
VTG
RMC
GGA
GSV
GSV
GSV
GSV
GSV
GSV
GSV
GSA
VTG
RMC
GGA
GSV
GSV
GSV
GSV
GSV
GSA
VTG
RMC
GGA
GSV
GSV
GSV
GSV
GSV
GSV
GSV
GSA
VTG
RMC
GGA
GSV
GSV
GSV
GSV
GSV
GSV
GSA
VTG
RMC
GGA
GSV
GSV
GSV
GSV
GSV
GSV
GSA
VTG
RMC
GGA
GSV
GSV
GSV
GSV
GSV
GSV
GSA
VTG
RMC
GGA
GSV
GSV
GSV
GSV
GSV
GSV
GSA
VTG
RMC
GGA
GSV
GSV
GSV
GSV
GSV
GSA
VTG
RMC
GGA
GSV
GSV
GSV
GSV
GSV
GSA
VTG
RMC
GGA
GSV
GSV
GSV
GSV
GSV
GSV
GSA
VTG
RMC
GGA
GSV
GSV
GSV
GSV
GSV
GSV
GSA
VTG
RMC
GGA
GSV
GSV
GSV
GSV
GSV
GSV
GSA
VTG
RMC
GGA
GSV
GSV
GSV
GSV
GSV
GSV
GSV
GSA
VTG
RMC
GGA
GSV
GSV
GSV
GSV
GSV
GSV
GSV
GSA
VTG
RMC
GGA
GSV
GSV
GSV
GSV
GSV
GSV
GSV
GSA
VTG
RMC
GGA
GSV
GSV
GSV
GSV
GSV
GSV
GSV
GSA
VTG
RMC
GGA
GSV
GSV
GSV
GSV
GSV
GSV
GSV
GSA
VTG
RMC
GGA
GSV
GSV
GSV
GSV
GSV
GSV
GSV
GSA
VTG
RMC
GGA
GSV
GSV
GSV
GSV
GSV
GSV
GSA
VTG
RMC
GGA
GSV
GSV
GSV
GSV
GSV
GSV
GSA
VTG
RMC
GGA
GSV
GSV
GSV
GSV
GSV
GSA
VTG
RMC
GGA
GSV
GSV
GSV
GSV
GSV
GSA
VTG
RMC
GGA
GSV
GSV
GSV
GSV
GSV
GSA
VTG
RMC
GGA
GSV
GSV
GSV
GSV
GSV
GSV
GSV
GSA
VTG
RMC
GGA
GSV
GSV
GSV
GSV
GSV
GSV
GSV
GSA
VTG
RMC
GGA
GSV
GSV
GSV
GSV
GSV
GSA
VTG
RMC
GGA
GSV
GSV
GSV
GSV
GSV
GSV
GSV
GSA
VTG
RMC
GGA
GSV
GSV
GSV
GSV
GSV
GSV
GSA
VTG
RMC
GGA
GSV
GSV
GSV
GSV
GSV
GSA
VTG
RMC
GGA
GSV
GSV
GSV
GSV
GSV
GSV
GSV
GSA
VTG
RMC
GGA
GSV
GSV
GSV
GSV
GSV
GSV
GSV
GSA
VTG
RMC
GGA
GSV
GSV
GSV
GSV
GSV
GSV
GSV
GSA
VTG
RMC
GGA
GSV
GSV
GSV
GSV
GSV
GSV
GSV
GSA
VTG
RMC
GGA
GSV
GSV
GSV
GSV
GSV
GSV
GSV
GSA
VTG
RMC
GGA
GSV
GSV
GSV
GSV
GSV
GSA
VTG
RMC
GGA
GSV
GSV
GSV
GSV
GSV
GSV
GSA
VTG
RMC
GGA
GSV
GSV
GSV
GSV
GSV
GSV
GSA
VTG
RMC
GGA
GSV
GSV
GSV
GSV
GSV
GSV
GSV
GSA
VTG
RMC
GGA
GSV
GSV
GSV
GSV
GSV
GSV
GSA
VTG
RMC
GGA
GSV
GSV
GSV
GSV
GSV
GSV
GSA
VTG
RMC
GGA
GSV
GSV
GSV
GSV
GSV
GSV
GSV
GSA
VTG
RMC
GGA
GSV
GSV
GSV
GSV
GSV
GSV
GSV
GSA
VTG
RMC
GGA
GSV
GSV
GSV
GSV
GSV
GSV
GSV
GSA
VTG
RMC
GGA
GSV
GSV
GSV
GSV
GSV
GSV
GSA
VTG
RMC
GGA
GSV
GSV
GSV
GSV
GSV
GSV
GSV
GSA
VTG
RMC
GGA
GSV
GSV
GSV
GSV
GSV
GSV
GSA
VTG
RMC
GGA
GSV
GSV
GSV
GSV
GSV
GSV
GSA
VTG
RMC
GGA
GSV
GSV
GSV
GSV
GSV
GSV
GSA
VTG
RMC
GGA
GSV
GSV
GSV
GSV
GSV
GSV
GSA
VTG
RMC
GGA
GSV
GSV
GSV
GSV
GSV
GSV
GSV
GSA
VTG
RMC
GGA
GSV
GSV
GSV
GSV
GSV
GSV
GSV
GSA
VTG
RMC
GGA
GSV
GSV
GSV
GSV
GSV
GSA
VTG
RMC
GGA
GSV
GSV
GSV
GSV
GSV
GSV
GSA
VTG
RMC
GGA
GSV
GSV
GSV
GSV
GSV
GSV
GSV
GSA
VTG
RMC
GGA
GSV
GSV
GSV
GSV
GSV
GSV
GSV
GSA
VTG
RMC
GGA
GSV
GSV
GSV
GSV
GSV
GSV
GSA
VTG
RMC
GGA
GSV
GSV
GSV
GSV
GSV
GSV
GSA
VTG
RMC
GGA
GSV
GSV
GSV
GSV
GSV
GSV
GSV
GSA
VTG
RMC
GGA
GSV
GSV
GSV
GSV
GSV
GSV
GSA
VTG
RMC
GGA
GSV
GSV
GSV
GSV
GSV
GSV
GSA
VTG
RMC
GGA
GSV
GSV
GSV
GSV
GSV
GSV
GSV
GSA
VTG
RMC
GGA
GSV
GSV
GSV
GSV
GSV
GSV
GSV
GSA
VTG
RMC
GGA
GSV
GSV
GSV
GSV
GSV
GSV
GSA
VTG
RMC
GGA
GSV
GSV
GSV
GSV
GSV
GSV
GSA
VTG
RMC
GGA
GSV
GSV
GSV
GSV
GSV
GSV
GSV
GSA
VTG
RMC
GGA
GSV
GSV
GSV
GSV
GSV
GSA
VTG
RMC
GGA
GSV
GSV
GSV
GSV
GSV
GSA
VTG
RMC
GGA
GSV
GSV
GSV
GSV
GSV
GSV
GSV
GSA
VTG
RMC
GGA
GSV
GSV
GSV
GSV
GSV
GSV
GSA
VTG
RMC
GGA
GSV
GSV
GSV
GSV
GSV
GSV
GSA
VTG
RMC
GGA
GSV
GSV
GSV
GSV
GSV
GSV
GSA
VTG
RMC
GGA
GSV
GSV
GSV
GSV
GSV
GSV
GSV
GSA
VTG
RMC
GGA
GSV
GSV
GSV
GSV
GSV
GSV
GSA
VTG
RMC
GGA
GSV
GSV
GSV
GSV
GSV
GSV
GSV
GSA
VTG
RMC
GGA
GSV
GSV
GSV
GSV
GSV
GSV
GSV
GSA
VTG
RMC
GGA
GSV
GSV
GSV
GSV
GSV
GSV
GSV
GSA
VTG
RMC
GGA
GSV
GSV
GSV
GSV
GSV
GSV
GSV
GSA
VTG
RMC
GGA
GSV
GSV
GSV
GSV
GSV
GSV
GSV
GSA
VTG
RMC
GGA
GSV
GSV
GSV
GSV
GSV
GSV
GSV
GSA
VTG
RMC
GGA
GSV
GSV
GSV
GSV
GSV
GSV
GSV
GSA
VTG
RMC
GGA
GSV
GSV
GSV
GSV
GSV
GSV
GSV
GSA
VTG
RMC
GGA
GSV
GSV
GSV
GSV
GSV
GSV
GSV
GSA
VTG
RMC
GGA
GSV
GSV
GSV
GSV
GSV
GSV
GSV
GSA
VTG
RMC
GGA
GSV
GSV
GSV
GSV
GSV
GSV
GSV
GSA
VTG
RMC
GGA
GSV
GSV
GSV
GSV
GSV
GSA
VTG
RMC
GGA
GSV
GSV
GSV
GSV
GSV
GSV
GSA
VTG
RMC
GGA
GSV
GSV
GSV
GSV
GSV
GSV
GSV
GSA
VTG
RMC
GGA
GSV
GSV
GSV
GSV
GSV
GSV
GSV
GSA
VTG
RMC
GGA
GSV
GSV
GSV
GSV
GSV
GSV
GSV
GSA
VTG
RMC
GGA
GSV
GSV
GSV
GSV
GSV
GSV
GSV
GSA
VTG
RMC
GGA
GSV
GSV
GSV
GSV
GSV
GSV
GSV
GSA
VTG
RMC
GGA
GSV
GSV
GSV
GSV
GSV
GSV
GSA
VTG
RMC
GGA
GSV
GSV
GSV
GSV
GSV
GSV
GSV
GSA
VTG
RMC
GGA
GSV
GSV
GSV
GSV
GSV
GSV
GSA
VTG
RMC
GGA
GSV
GSV
GSV
GSV
GSV
GSV
GSV
GSA
VTG
RMC
GGA
GSV
GSV
GSV
GSV
GSV
GSV
GSV
GSA
VTG
RMC
GGA
GSV
GSV
GSV
GSV
GSV
GSV
GSA
VTG
RMC
GGA
GSV
GSV
GSV
GSV
GSV
GSV
GSA
VTG
RMC
GGA
GSV
GSV
GSV
GSV
GSV
GSV
GSV
GSA
VTG
RMC
GGA
GSV
GSV
GSV
GSV
GSV
GSV
GSA
VTG
RMC
GGA
GSV
GSV
GSV
GSV
GSV
GSV
GSV
GSA
VTG
RMC
GGA
GSV
GSV
GSV
GSV
GSV
GSV
GSA
VTG
RMC
GGA
GSV
GSV
GSV
GSV
GSV
GSA
VTG
RMC
GGA
GSV
GSV
GSV
GSV
GSV
GSA
VTG
RMC
GGA
GSV
GSV
GSV
GSV
GSV
GSV
GSA
VTG
RMC
GGA
GSV
GSV
GSV
GSV
GSV
GSV
GSA
VTG
RMC
GGA
GSV
GSV
GSV
GSV
GSV
GSV
GSV
GSA
VTG
RMC
GGA
GSV
GSV
GSV
GSV
GSV
GSV
GSV
GSA
VTG
RMC
GGA
GSV
GSV
GSV
GSV
GSV
GSV
GSV
GSA
VTG
RMC
GGA
GSV
GSV
GSV
GSV
GSV
GSV
GSV
GSA
VTG
RMC
GGA
GSV
GSV
GSV
GSV
GSV
GSV
GSV
GSA
VTG
RMC
GGA
GSV
GSV
GSV
GSV
GSV
GSV
GSV
GSA
VTG
RMC
GGA
GSV
GSV
GSV
GSV
GSV
GSV
GSV
GSA
VTG
RMC
GGA
GSV
GSV
GSV
GSV
GSV
GSV
GSV
GSA
VTG
RMC
GGA
GSV
GSV
GSV
GSV
GSV
GSV
GSV
GSA
VTG
RMC
GGA
GSV
GSV
GSV
GSV
GSV
GSV
GSV
GSA
VTG
RMC
GGA
GSV
GSV
GSV
GSV
GSV
GSV
GSV
GSA
VTG
RMC
GGA
GSV
GSV
GSV
GSV
GSV
GSV
GSV
GSA
VTG
RMC
GGA
GSV
GSV
GSV
GSV
GSV
GSV
GSV
GSA
VTG
RMC
GGA
GSV
GSV
GSV
GSV
GSV
GSV
GSV
GSA
VTG
RMC
GGA
GSV
GSV
GSV
GSV
GSV
GSV
GSV
GSA
VTG
RMC
GGA
GSV
GSV
GSV
GSV
GSV
GSV
GSV
GSA
VTG
RMC
GGA
GSV
GSV
GSV
GSV
GSV
GSV
GSV
GSA
VTG
RMC
GGA
GSV
GSV
GSV
GSV
GSV
GSV
GSV
GSA
VTG
RMC
GGA
GSV
GSV
GSV
GSV
GSV
GSV
GSV
GSA
VTG
RMC
GGA
GSV
GSV
GSV
GSV
GSV
GSV
GSV
GSA
VTG
RMC
GGA
GSV
GSV
GSV
GSV
GSV
GSV
GSV
GSA
VTG
RMC
GGA
GSV
GSV
GSV
GSV
GSV
GSV
GSV
GSA
VTG
RMC
GGA
GSV
GSV
GSV
GSV
GSV
GSV
GSV
GSA
VTG
RMC
GGA
GSV
GSV
GSV
GSV
GSV
GSV
GSV
GSA
VTG
RMC
GGA
GSV
GSV
GSV
GSV
GSV
GSV
GSV
GSA
VTG
RMC
GGA
GSV
GSV
GSV
GSV
GSV
GSV
GSV
GSA
VTG
RMC
GGA
GSV
GSV
GSV
GSV
GSV
GSV
GSV
GSA
VTG
RMC
GGA
GSV
GSV
GSV
GSV
GSV
GSV
GSV
GSA
VTG
RMC
GGA
GSV
GSV
GSV
GSV
GSV
GSV
GSV
GSA
VTG
RMC
GGA
GSV
GSV
GSV
GSV
GSV
GSV
GSV
GSA
VTG
RMC
GGA
GSV
GSV
GSV
GSV
GSV
GSV
GSV
GSA
VTG
RMC
GGA
GSV
GSV
GSV
GSV
GSV
GSV
GSV
GSA
VTG
RMC
GGA
GSV
GSV
GSV
GSV
GSV
GSV
GSV
GSA
VTG
RMC
GGA
GSV
GSV
GSV
GSV
GSV
GSV
GSV
GSA
VTG
RMC
GGA
GSV
GSV
GSV
GSV
GSV
GSV
GSV
GSA
VTG
RMC
GGA
GSV
GSV
GSV
GSV
GSV
GSV
GSV
GSA
VTG
RMC
GGA
GSV
GSV
GSV
GSV
GSV
GSV
GSV
GSA
VTG
RMC
GGA
GSV
GSV
GSV
GSV
GSV
GSV
GSV
GSA
VTG
RMC
GGA
GSV
GSV
GSV
GSV
GSV
GSV
GSV
GSA
VTG
RMC
GGA
GSV
GSV
GSV
GSV
GSV
GSA
VTG
RMC
GGA
GSV
GSV
GSV
GSV
GSV
GSV
GSA
VTG
RMC
GGA
GSV
GSV
GSV
GSV
GSV
GSV
GSV
GSA
VTG
RMC
GGA
GSV
GSV
GSV
GSV
GSV
GSV
GSV
GSA
VTG
RMC
GGA
GSV
GSV
GSV
GSV
GSV
GSV
GSV
GSA
VTG
RMC
GGA
GSV
GSV
GSV
GSV
GSV
GSV
GSA
VTG
RMC
GGA
GSV
GSV
GSV
GSV
GSV
GSV
GSA
VTG
RMC
GGA
GSV
GSV
GSV
GSV
GSV
GSV
GSA
VTG
RMC
GGA
GSV
GSV
GSV
GSV
GSV
GSV
GSV
GSA
VTG
RMC
GGA
GSV
GSV
GSV
GSV
GSV
GSA
VTG
RMC
GGA
GSV
GSV
GSV
GSV
GSV
GSV
GSV
GSA
VTG
RMC
GGA
GSV
GSV
GSV
GSV
GSV
GSA
VTG
RMC
GGA
GSV
GSV
GSV
GSV
GSV
GSV
GSV
GSA
VTG
RMC
GGA
GSV
GSV
GSV
GSV
GSV
GSA
VTG
RMC
GGA
GSV
GSV
GSV
GSV
GSV
GSA
VTG
RMC
GGA
GSV
GSV
GSV
GSV
GSV
GSV
GSA
VTG
RMC
GGA
GSV
GSV
GSV
GSV
GSV
GSA
VTG
RMC
GGA
GSV
GSV
GSV
GSV
GSV
GSA
VTG
RMC
GGA
GSV
GSV
GSV
GSV
GSV
GSA
VTG
RMC
GGA
GSV
GSV
GSV
GSV
GSV
GSV
GSV
GSA
VTG
RMC
GGA
GSV
GSV
GSV
GSV
GSV
GSV
GSV
GSA
VTG
RMC
GGA
GSV
GSV
GSV
GSV
GSV
GSV
GSV
GSA
VTG
RMC
GGA
GSV
GSV
GSV
GSV
GSV
GSV
GSV
GSA
VTG
RMC
GGA
GSV
GSV
GSV
GSV
GSV
GSV
GSV
GSA
VTG
RMC
GGA
GSV
GSV
GSV
GSV
GSV
GSV
GSV
GSA
VTG
RMC
GGA
GSV
GSV
GSV
GSV
GSV
GSV
GSV
GSA
VTG
RMC
GGA
GSV
GSV
GSV
GSV
GSV
GSV
GSV
GSA
VTG
RMC
GGA
GSV
GSV
GSV
GSV
GSV
GSV
GSV
GSA
VTG
RMC
GGA
GSV
GSV
GSV
GSV
GSV
GSV
GSV
GSA
VTG
RMC
GGA
GSV
GSV
GSV
GSV
GSV
GSV
GSV
GSA
VTG
RMC
GGA
GSV
GSV
GSV
GSV
GSV
GSV
GSV
GSA
VTG
RMC
GGA
GSV
GSV
GSV
GSV
GSV
GSV
GSV
GSA
VTG
RMC
GGA
GSV
GSV
GSV
GSV
GSV
GSV
GSV
GSA
VTG
RMC
GGA
GSV
GSV
GSV
GSV
GSV
GSV
GSV
GSA
VTG
RMC
GGA
GSV
GSV
GSV
GSV
GSV
GSV
GSV
GSA
VTG
RMC
GGA
GSV
GSV
GSV
GSV
GSV
GSV
GSV
GSA
VTG
RMC
GGA
GSV
GSV
GSV
GSV
GSV
GSV
GSV
GSA
VTG
RMC
GGA
GSV
GSV
GSV
GSV
GSV
GSV
GSV
GSA
VTG
RMC
GGA
GSV
GSV
GSV
GSV
GSV
GSV
GSV
GSA
VTG
RMC
GGA
GSV
GSV
GSV
GSV
GSV
GSV
GSV
GSA
VTG
RMC
GGA
GSV
GSV
GSV
GSV
GSV
GSV
GSV
GSA
VTG
RMC
GGA
GSV
GSV
GSV
GSV
GSV
GSV
GSV
GSA
VTG
RMC
GGA
GSV
GSV
GSV
GSV
GSV
GSV
GSV
GSA
VTG
RMC
GGA
GSV
GSV
GSV
GSV
GSV
GSV
GSV
GSA
VTG
RMC
GGA
GSV
GSV
GSV
GSV
GSV
GSV
GSV
GSA
VTG
RMC
GGA
GSV
GSV
GSV
GSV
GSV
GSV
GSV
GSA
VTG
RMC
GGA
GSV
GSV
GSV
GSV
GSV
GSV
GSV
GSA
VTG
RMC
GGA
GSV
GSV
GSV
GSV
GSV
GSV
GSV
GSA
VTG
RMC
GGA
GSV
GSV
GSV
GSV
GSV
GSV
GSV
GSA
VTG
RMC
GGA
GSV
GSV
GSV
GSV
GSV
GSV
GSV
GSA
VTG
RMC
GGA
GSV
GSV
GSV
GSV
GSV
GSV
GSV
GSA
VTG
RMC
GGA
GSV
GSV
GSV
GSV
GSV
GSV
GSV
GSA
VTG
RMC
GGA
GSV
GSV
GSV
GSV
GSV
GSV
GSV
GSA
VTG
RMC
GGA
GSV
GSV
GSV
GSV
GSV
GSV
GSV
GSA
VTG
RMC
GGA
GSV
GSV
GSV
GSV
GSV
GSV
GSV
GSA
VTG
RMC
GGA
GSV
GSV
GSV
GSV
GSV
GSV
GSV
GSA
VTG
RMC
GGA
GSV
GSV
GSV
GSV
GSV
GSV
GSV
GSA
VTG
RMC
GGA
GSV
GSV
GSV
GSV
GSV
GSV
GSV
GSA
VTG
RMC
GGA
GSV
GSV
GSV
GSV
GSV
GSV
GSV
GSA
VTG
RMC
GGA
GSV
GSV
GSV
GSV
GSV
GSV
GSV
GSA
VTG
RMC
GGA
GSV
GSV
GSV
GSV
GSV
GSV
GSV
GSA
VTG
RMC
GGA
GSV
GSV
GSV
GSV
GSV
GSV
GSV
GSA
VTG
RMC
GGA
GSV
GSV
GSV
GSV
GSV
GSV
GSV
GSA
VTG
RMC
GGA
GSV
GSV
GSV
GSV
GSV
GSV
GSV
GSA
VTG
RMC
GGA
GSV
GSV
GSV
GSV
GSV
GSV
GSV
GSA
VTG
RMC
GGA
GSV
GSV
GSV
GSV
GSV
GSV
GSV
GSA
VTG
RMC
GGA
GSV
GSV
GSV
GSV
GSV
GSV
GSV
GSA
VTG
RMC
GGA
GSV
GSV
GSV
GSV
GSV
GSV
GSV
GSA
VTG
RMC
GGA
GSV
GSV
GSV
GSV
GSV
GSV
GSV
GSA
VTG
RMC
GGA
GSV
GSV
GSV
GSV
GSV
GSV
GSV
GSA
VTG
RMC
GGA
GSV
GSV
GSV
GSV
GSV
GSV
GSV
GSA
VTG
RMC
GGA
GSV
GSV
GSV
GSV
GSV
GSV
GSV
GSA
VTG
RMC
GGA
GSV
GSV
GSV
GSV
GSV
GSV
GSV
GSA
VTG
RMC
GGA
GSV
GSV
GSV
GSV
GSV
GSV
GSV
GSA
VTG
RMC
GGA
GSV
GSV
GSV
GSV
GSV
GSV
GSV
GSA
VTG
RMC
GGA
GSV
GSV
GSV
GSV
GSV
GSV
GSV
GSA
VTG
RMC
GGA
GSV
GSV
GSV
GSV
GSV
GSV
GSV
GSA
VTG
RMC
GGA
GSV
GSV
GSV
GSV
GSV
GSV
GSV
GSA
VTG
RMC
GGA
GSV
GSV
GSV
GSV
GSV
GSV
GSV
GSA
VTG
RMC
GGA
GSV
GSV
GSV
GSV
GSV
GSV
GSV
GSA
VTG
RMC
GGA
GSV
GSV
GSV
GSV
GSV
GSV
GSV
GSA
VTG
RMC
GGA
GSV
GSV
GSV
GSV
GSV
GSV
GSV
GSA
VTG
RMC
GGA
GSV
GSV
GSV
GSV
GSV
GSV
GSV
GSA
VTG
RMC
GGA
GSV
GSV
GSV
GSV
GSV
GSV
GSV
GSA
VTG
RMC
GGA
GSV
GSV
GSV
GSV
GSV
GSV
GSV
GSA
VTG
RMC
GGA
GSV
GSV
GSV
GSV
GSV
GSV
GSV
GSA
VTG
RMC
GGA
GSV
GSV
GSV
GSV
GSV
GSV
GSV
GSA
VTG
RMC
GGA
GSV
GSV
GSV
GSV
GSV
GSV
GSV
GSA
VTG
RMC
GGA
GSV
GSV
GSV
GSV
GSV
GSV
GSV
GSA
VTG
RMC
GGA
GSV
GSV
GSV
GSV
GSV
GSV
GSV
GSA
VTG
RMC
GGA
GSV
GSV
GSV
GSV
GSV
GSV
GSV
GSA
VTG
RMC
GGA
GSV
GSV
GSV
GSV
GSV
GSV
GSV
GSA
VTG
RMC
GGA
GSV
GSV
GSV
GSV
GSV
GSV
GSV
GSA
VTG
RMC
GGA
GSV
GSV
GSV
GSV
GSV
GSV
GSV
GSA
VTG
RMC
GGA
GSV
GSV
GSV
GSV
GSV
GSV
GSA
VTG
RMC
GGA
GSV
GSV
GSV
GSV
GSV
GSV
GSV
GSA
VTG
RMC
GGA
GSV
GSV
GSV
GSV
GSV
GSA
VTG
RMC
GGA
GSV
GSV
GSV
GSV
GSV
GSV
GSA
VTG
RMC
GGA
GSV
GSV
GSV
GSV
GSV
GSV
GSA
VTG
RMC
GGA
GSV
GSV
GSV
GSV
GSV
GSA
VTG
RMC
GGA
GSV
GSV
GSV
GSV
GSV
GSV
GSA
VTG
RMC
GGA
GSV
GSV
GSV
GSV
GSV
GSV
GSA
VTG
RMC
GGA
GSV
GSV
GSV
GSV
GSV
GSV
GSA
VTG
RMC
GGA
GSV
GSV
GSV
GSV
GSV
GSV
GSA
VTG
RMC
GGA
GSV
GSV
GSV
GSV
GSV
GSV
GSV
GSA
VTG
RMC
GGA
GSV
GSV
GSV
GSV
GSV
GSV
GSV
GSA
VTG
RMC
GGA
GSV
GSV
GSV
GSV
GSV
GSV
GSV
GSA
VTG
RMC
GGA
GSV
GSV
GSV
GSV
GSV
GSV
GSV
GSA
VTG
RMC
GGA
GSV
GSV
GSV
GSV
GSV
GSV
GSV
GSA
VTG
RMC
GGA
GSV
GSV
GSV
GSV
GSV
GSV
GSV
GSA
VTG
RMC
GGA
GSV
GSV
GSV
GSV
GSV
GSV
GSV
GSA
VTG
RMC
GGA
GSV
GSV
GSV
GSV
GSV
GSV
GSV
GSA
VTG
RMC
GGA
GSV
GSV
GSV
GSV
GSV
GSV
GSV
GSA
VTG
RMC
GGA
GSV
GSV
GSV
GSV
GSV
GSV
GSV
GSA
VTG
RMC
GGA
GSV
GSV
GSV
GSV
GSV
GSV
GSV
GSA
VTG
RMC
GGA
GSV
GSV
GSV
GSV
GSV
GSV
GSV
GSA
VTG
RMC
GGA
GSV
GSV
GSV
GSV
GSV
GSV
GSV
GSA
VTG
RMC
GGA
GSV
GSV
GSV
GSV
GSV
GSV
GSV
GSA
VTG
RMC
GGA
GSV
GSV
GSV
GSV
GSV
GSV
GSV
GSA
VTG
RMC
GGA
GSV
GSV
GSV
GSV
GSV
GSV
GSV
GSA
VTG
RMC
GGA
GSV
GSV
GSV
GSV
GSV
GSV
GSV
GSA
VTG
RMC
GGA
GSV
GSV
GSV
GSV
GSV
GSV
GSV
GSA
VTG
RMC
GGA
GSV
GSV
GSV
GSV
GSV
GSV
GSV
GSA
VTG
RMC
GGA
GSV
GSV
GSV
GSV
GSV
GSV
GSV
GSA
VTG
RMC
GGA
GSV
GSV
GSV
GSV
GSV
GSV
GSV
GSA
VTG
RMC
GGA
GSV
GSV
GSV
GSV
GSV
GSV
GSV
GSA
VTG
RMC
GGA
GSV
GSV
GSV
GSV
GSV
GSV
GSV
GSA
VTG
RMC
GGA
GSV
GSV
GSV
GSV
GSV
GSV
GSV
GSA
VTG
RMC
GGA
GSV
GSV
GSV
GSV
GSV
GSV
GSV
GSA
VTG
RMC
GGA
GSV
GSV
GSV
GSV
GSV
GSV
GSV
GSA
VTG
RMC
GGA
GSV
GSV
GSV
GSV
GSV
GSV
GSV
GSA
VTG
RMC
GGA
GSV
GSV
GSV
GSV
GSV
GSV
GSV
GSA
VTG
RMC
GGA
GSV
GSV
GSV
GSV
GSV
GSV
GSV
GSA
VTG
RMC
GGA
GSV
GSV
GSV
GSV
GSV
GSV
GSV
GSA
VTG
RMC
GGA
GSV
GSV
GSV
GSV
GSV
GSV
GSV
GSA
VTG
RMC
GGA
GSV
GSV
GSV
GSV
GSV
GSV
GSV
GSA
VTG
RMC
GGA
GSV
GSV
GSV
GSV
GSV
GSV
GSV
GSA
VTG
RMC
GGA
GSV
GSV
GSV
GSV
GSV
GSV
GSV
GSA
VTG
RMC
GGA
GSV
GSV
GSV
GSV
GSV
GSV
GSV
GSA
VTG
RMC
GGA
GSV
GSV
GSV
GSV
GSV
GSV
GSV
GSA
VTG
RMC
GGA
GSV
GSV
GSV
GSV
GSV
GSV
GSV
GSA
VTG
RMC
GGA
GSV
GSV
GSV
GSV
GSV
GSV
GSV
GSA
VTG
RMC
GGA
GSV
GSV
GSV
GSV
GSV
GSV
GSV
GSA
VTG
RMC
GGA
GSV
GSV
GSV
GSV
GSV
GSV
GSV
GSA
VTG
RMC
GGA
GSV
GSV
GSV
GSV
GSV
GSV
GSV
GSA
VTG
RMC
GGA
GSV
GSV
GSV
GSV
GSV
GSV
GSV
GSA
VTG
RMC
GGA
GSV
GSV
GSV
GSV
GSV
GSV
GSV
GSA
VTG
RMC
GGA
GSV
GSV
GSV
GSV
GSV
GSV
GSV
GSA
VTG
RMC
GGA
GSV
GSV
GSV
GSV
GSV
GSV
GSV
GSA
VTG
RMC
GGA
GSV
GSV
GSV
GSV
GSV
GSV
GSV
GSA
VTG
RMC
GGA
GSV
GSV
GSV
GSV
GSV
GSV
GSV
GSA
VTG
RMC
GGA
GSV
GSV
GSV
GSV
GSV
GSV
GSV
GSA
VTG
RMC
GGA
GSV
GSV
GSV
GSV
GSV
GSV
GSV
GSA
VTG
RMC
GGA
GSV
GSV
GSV
GSV
GSV
GSV
GSV
GSA
VTG
RMC
GGA
GSV
GSV
GSV
GSV
GSV
GSV
GSV
GSA
VTG
RMC
GGA
GSV
GSV
GSV
GSV
GSV
GSV
GSV
GSA
VTG
RMC
GGA
GSV
GSV
GSV
GSV
GSV
GSV
GSV
GSA
VTG
RMC
GGA
GSV
GSV
GSV
GSV
GSV
GSV
GSV
GSA
VTG
RMC
GGA
GSV
GSV
GSV
GSV
GSV
GSV
GSV
GSA
VTG
RMC
GGA
GSV
GSV
GSV
GSV
GSV
GSV
GSV
GSA
VTG
RMC
GGA
GSV
GSV
GSV
GSV
GSV
GSV
GSV
GSA
VTG
RMC
GGA
GSV
GSV
GSV
GSV
GSV
GSV
GSV
GSA
VTG
RMC
GGA
GSV
GSV
GSV
GSV
GSV
GSV
GSV
GSA
VTG
RMC
GGA
GSV
GSV
GSV
GSV
GSV
GSV
GSV
GSA
VTG
RMC
GGA
GSV
GSV
GSV
GSV
GSV
GSV
GSV
GSA
VTG
RMC
GGA
GSV
GSV
GSV
GSV
GSV
GSV
GSV
GSA
VTG
RMC
GGA
GSV
GSV
GSV
GSV
GSV
GSV
GSV
GSA
VTG
RMC
GGA
GSV
GSV
GSV
GSV
GSV
GSV
GSV
GSA
VTG
RMC
GGA
GSV
GSV
GSV
GSV
GSV
GSV
GSV
GSA
VTG
RMC
GGA
GSV
GSV
GSV
GSV
GSV
GSV
GSV
GSA
VTG
RMC
GGA
GSV
GSV
GSV
GSV
GSV
GSV
GSV
GSA
VTG
RMC
GGA
GSV
GSV
GSV
GSV
GSV
GSV
GSV
GSA
VTG
RMC
GGA
GSV
GSV
GSV
GSV
GSV
GSV
GSA
VTG
RMC
GGA
GSV
GSV
GSV
GSV
GSV
GSV
GSV
GSA
VTG
RMC
GGA
GSV
GSV
GSV
GSV
GSV
GSV
GSV
GSA
VTG
RMC
GGA
GSV
GSV
GSV
GSV
GSV
GSV
GSV
GSA
VTG
RMC
GGA
GSV
GSV
GSV
GSV
GSV
GSV
GSV
GSA
VTG
RMC
GGA
GSV
GSV
GSV
GSV
GSV
GSV
GSV
GSA
VTG
RMC
GGA
GSV
GSV
GSV
GSV
GSV
GSV
GSV
GSA
VTG
RMC
GGA
GSV
GSV
GSV
GSV
GSV
GSV
GSV
GSA
VTG
RMC
GGA
GSV
GSV
GSV
GSV
GSV
GSV
GSV
GSA
VTG
RMC
GGA
GSV
GSV
GSV
GSV
GSV
GSV
GSV
GSA
VTG
RMC
GGA
GSV
GSV
GSV
GSV
GSV
GSV
GSV
GSA
VTG
RMC
GGA
GSV
GSV
GSV
GSV
GSV
GSV
GSV
GSA
VTG
RMC
GGA
GSV
GSV
GSV
GSV
GSV
GSV
GSV
GSA
VTG
RMC
GGA
GSV
GSV
GSV
GSV
GSV
GSV
GSV
GSA
VTG
RMC
GGA
GSV
GSV
GSV
GSV
GSV
GSV
GSV
GSA
VTG
RMC
GGA
GSV
GSV
GSV
GSV
GSV
GSV
GSV
GSA
VTG
RMC
GGA
GSV
GSV
GSV
GSV
GSV
GSV
GSV
GSA
VTG
RMC
GGA
GSV
GSV
GSV
GSV
GSV
GSV
GSV
GSA
VTG
RMC
GGA
GSV
GSV
GSV
GSV
GSV
GSV
GSV
GSA
VTG
RMC
GGA
GSV
GSV
GSV
GSV
GSV
GSV
GSV
GSA
VTG
RMC
GGA
GSV
GSV
GSV
GSV
GSV
GSV
GSV
GSA
VTG
RMC
GGA
GSV
GSV
GSV
GSV
GSV
GSV
GSV
GSA
VTG
RMC
GGA
GSV
GSV
GSV
GSV
GSV
GSV
GSV
GSA
VTG
RMC
GGA
GSV
GSV
GSV
GSV
GSV
GSV
GSV
GSA
VTG
RMC
GGA
GSV
GSV
GSV
GSV
GSV
GSV
GSA
VTG
RMC
GGA
GSV
GSV
GSV
GSV
GSV
GSV
GSV
GSA
VTG
RMC
GGA
GSV
GSV
GSV
GSV
GSV
GSV
GSV
GSA
VTG
RMC
GGA
GSV
GSV
GSV
GSV
GSV
GSV
GSV
GSA
VTG
RMC
GGA
GSV
GSV
GSV
GSV
GSV
GSV
GSV
GSA
VTG
RMC
GGA
GSV
GSV
GSV
GSV
GSV
GSV
GSV
GSA
VTG
RMC
GGA
GSV
GSV
GSV
GSV
GSV
GSV
GSV
GSA
VTG
RMC
GGA
GSV
GSV
GSV
GSV
GSV
GSV
GSV
GSA
VTG
RMC
GGA
GSV
GSV
GSV
GSV
GSV
GSV
GSV
GSA
VTG
RMC
GGA
GSV
GSV
GSV
GSV
GSV
GSV
GSV
GSA
VTG
RMC
GGA
GSV
GSV
GSV
GSV
GSV
GSV
GSV
GSA
VTG
RMC
GGA
GSV
GSV
GSV
GSV
GSV
GSV
GSV
GSA
VTG
RMC
GGA
GSV
GSV
GSV
GSV
GSV
GSV
GSV
GSA
VTG
RMC
GGA
GSV
GSV
GSV
GSV
GSV
GSV
GSV
GSA
VTG
RMC
GGA
GSV
GSV
GSV
GSV
GSV
GSV
GSV
GSA
VTG
RMC
GGA
GSV
GSV
GSV
GSV
GSV
GSV
GSV
GSA
VTG
RMC
GGA
GSV
GSV
GSV
GSV
GSV
GSV
GSV
GSA
VTG
RMC
GGA
GSV
GSV
GSV
GSV
GSV
GSV
GSV
GSA
VTG
RMC
GGA
GSV
GSV
GSV
GSV
GSV
GSV
GSV
GSA
VTG
RMC
GGA
GSV
GSV
GSV
GSV
GSV
GSV
GSV
GSA
VTG
RMC
GGA
GSV
GSV
GSV
GSV
GSV
GSV
GSA
VTG
RMC
GGA
GSV
GSV
GSV
GSV
GSV
GSV
GSV
GSA
VTG
RMC
GGA
GSV
GSV
GSV
GSV
GSV
GSV
GSV
GSA
VTG
RMC
GGA
GSV
GSV
GSV
GSV
GSV
GSV
GSV
GSA
VTG
RMC
GGA
GSV
GSV
GSV
GSV
GSV
GSV
GSV
GSA
VTG
RMC
GGA
GSV
GSV
GSV
GSV
GSV
GSV
GSV
GSA
VTG
RMC
GGA
GSV
GSV
GSV
GSV
GSV
GSV
GSV
GSA
VTG
RMC
GGA
GSV
GSV
GSV
GSV
GSV
GSV
GSV
GSA
VTG
RMC
GGA
GSV
GSV
GSV
GSV
GSV
GSV
GSV
GSA
VTG
RMC
GGA
GSV
GSV
GSV
GSV
GSV
GSV
GSV
GSA
VTG
RMC
GGA
GSV
GSV
GSV
GSV
GSV
GSV
GSV
GSA
VTG
RMC
GGA
GSV
GSV
GSV
GSV
GSV
GSV
GSV
GSA
VTG
RMC
GGA
GSV
GSV
GSV
GSV
GSV
GSV
GSV
GSA
VTG
RMC
GGA
GSV
GSV
GSV
GSV
GSV
GSV
GSV
GSA
VTG
RMC
GGA
GSV
GSV
GSV
GSV
GSV
GSV
GSV
GSA
VTG
RMC
GGA
GSV
GSV
GSV
GSV
GSV
GSV
GSV
GSA
VTG
RMC
GGA
GSV
GSV
GSV
GSV
GSV
GSV
GSV
GSA
VTG
RMC
GGA
GSV
GSV
GSV
GSV
GSV
GSV
GSV
GSA
VTG
RMC
GGA
GSV
GSV
GSV
GSV
GSV
GSV
GSV
GSA
VTG
RMC
GGA
GSV
GSV
GSV
GSV
GSV
GSV
GSV
GSA
VTG
RMC
GGA
GSV
GSV
GSV
GSV
GSV
GSV
GSV
GSA
VTG
RMC
GGA
GSV
GSV
GSV
GSV
GSV
GSV
GSV
GSA
VTG
RMC
GGA
GSV
GSV
GSV
GSV
GSV
GSV
GSV
GSA
VTG
RMC
GGA
GSV
GSV
GSV
GSV
GSV
GSV
GSV
GSA
VTG
RMC
GGA
GSV
GSV
GSV
GSV
GSV
GSV
GSV
GSA
VTG
RMC
GGA
GSV
GSV
GSV
GSV
GSV
GSV
GSV
GSA
VTG
RMC
GGA
GSV
GSV
GSV
GSV
GSV
GSV
GSV
GSA
VTG
RMC
GGA
GSV
GSV
GSV
GSV
GSV
GSV
GSV
GSA
VTG
RMC
GGA
GSV
GSV
GSV
GSV
GSV
GSV
GSV
GSA
VTG
RMC
GGA
GSV
GSV
GSV
GSV
GSV
GSV
GSV
GSA
VTG
RMC
GGA
GSV
GSV
GSV
GSV
GSV
GSV
GSV
GSA
VTG
RMC
GGA
GSV
GSV
GSV
GSV
GSV
GSV
GSV
GSA
VTG
RMC
GGA
GSV
GSV
GSV
GSV
GSV
GSV
GSV
GSA
VTG
RMC
GGA
GSV
GSV
GSV
GSV
GSV
GSV
GSV
GSA
VTG
RMC
GGA
GSV
GSV
GSV
GSV
GSV
GSV
GSV
GSA
VTG
RMC
GGA
GSV
GSV
GSV
GSV
GSV
GSV
GSV
GSA
VTG
RMC
GGA
GSV
GSV
GSV
GSV
GSV
GSV
GSV
GSA
VTG
RMC
GGA
GSV
GSV
GSV
GSV
GSV
GSV
GSV
GSA
VTG
RMC
GGA
GSV
GSV
GSV
GSV
GSV
GSV
GSV
GSA
VTG
RMC
GGA
GSV
GSV
GSV
GSV
GSV
GSV
GSV
GSA
VTG
RMC
GGA
GSV
GSV
GSV
GSV
GSV
GSV
GSV
GSA
VTG
RMC
GGA
GSV
GSV
GSV
GSV
GSV
GSV
GSV
GSA
VTG
RMC
GGA
GSV
GSV
GSV
GSV
GSV
GSV
GSV
GSA
VTG
RMC
GGA
GSV
GSV
GSV
GSV
GSV
GSV
GSV
GSA
VTG
RMC
GGA
GSV
GSV
GSV
GSV
GSV
GSV
GSV
GSA
VTG
RMC
GGA
GSV
GSV
GSV
GSV
GSV
GSV
GSV
GSA
VTG
RMC
GGA
GSV
GSV
GSV
GSV
GSV
GSV
GSV
GSA
VTG
RMC
GGA
GSV
GSV
GSV
GSV
GSV
GSV
GSV
GSA
VTG
RMC
GGA
GSV
GSV
GSV
GSV
GSV
GSV
GSV
GSA
VTG
RMC
GGA
GSV
GSV
GSV
GSV
GSV
GSV
GSV
GSA
VTG
RMC
GGA
GSV
GSV
GSV
GSV
GSV
GSV
GSV
GSA
VTG
RMC
GGA
GSV
GSV
GSV
GSV
GSV
GSV
GSV
GSA
VTG
RMC
GGA
GSV
GSV
GSV
GSV
GSV
GSV
GSV
GSA
VTG
RMC
GGA
GSV
GSV
GSV
GSV
GSV
GSV
GSV
GSA
VTG
RMC
GGA
GSV
GSV
GSV
GSV
GSV
GSV
GSV
GSA
VTG
RMC
GGA
GSV
GSV
GSV
GSV
GSV
GSV
GSV
GSA
VTG
RMC
GGA
GSV
GSV
GSV
GSV
GSV
GSV
GSV
GSA
VTG
RMC
GGA
GSV
GSV
GSV
GSV
GSV
GSV
GSV
GSA
VTG
RMC
GGA
GSV
GSV
GSV
GSV
GSV
GSV
GSV
GSA
VTG
RMC
GGA
GSV
GSV
GSV
GSV
GSV
GSV
GSV
GSA
VTG
RMC
GGA
GSV
GSV
GSV
GSV
GSV
GSV
GSV
GSA
VTG
RMC
GGA
GSV
GSV
GSV
GSV
GSV
GSV
GSV
GSA
VTG
RMC
GGA
GSV
GSV
GSV
GSV
GSV
GSV
GSV
GSA
VTG
RMC
GGA
GSV
GSV
GSV
GSV
GSV
GSV
GSV
GSA
VTG
RMC
GGA
GSV
GSV
GSV
GSV
GSV
GSV
GSV
GSA
VTG
RMC
GGA
GSV
GSV
GSV
GSV
GSV
GSV
GSV
GSA
VTG
RMC
GGA
GSV
GSV
GSV
GSV
GSV
GSV
GSV
GSA
VTG
RMC
GGA
GSV
GSV
GSV
GSV
GSV
GSV
GSV
GSA
VTG
RMC
GGA
GSV
GSV
GSV
GSV
GSV
GSV
GSV
GSA
VTG
RMC
GGA
GSV
GSV
GSV
GSV
GSV
GSV
GSV
GSA
VTG
RMC
GGA
GSV
GSV
GSV
GSV
GSV
GSV
GSV
GSA
VTG
RMC
GGA
GSV
GSV
GSV
GSV
GSV
GSV
GSV
GSA
VTG
RMC
GGA
GSV
GSV
GSV
GSV
GSV
GSV
GSV
GSA
VTG
RMC
GGA
GSV
GSV
GSV
GSV
GSV
GSV
GSV
GSA
VTG
RMC
GGA
GSV
GSV
GSV
GSV
GSV
GSV
GSV
GSA
VTG
RMC
GGA
GSV
GSV
GSV
GSV
GSV
GSV
GSV
GSA
VTG
RMC
GGA
GSV
GSV
GSV
GSV
GSV
GSV
GSV
GSA
VTG
RMC
GGA
GSV
GSV
GSV
GSV
GSV
GSV
GSV
GSA
VTG
RMC
GGA
GSV
GSV
GSV
GSV
GSV
GSV
GSV
GSA
VTG
RMC
GGA
GSV
GSV
GSV
GSV
GSV
GSV
GSV
GSA
VTG
RMC
GGA
GSV
GSV
GSV
GSV
GSV
GSV
GSV
GSA
VTG
RMC
GGA
GSV
GSV
GSV
GSV
GSV
GSV
GSV
GSA
VTG
RMC
GGA
GSV
GSV
GSV
GSV
GSV
GSV
GSV
GSA
VTG
RMC
GGA
GSV
GSV
GSV
GSV
GSV
GSV
GSV
GSA
VTG
RMC
GGA
GSV
GSV
GSV
GSV
GSV
GSV
GSV
GSA
VTG
RMC
GGA
GSV
GSV
GSV
GSV
GSV
GSV
GSV
GSA
VTG
RMC
GGA
GSV
GSV
GSV
GSV
GSV
GSV
GSV
GSA
VTG
RMC
GGA
GSV
GSV
GSV
GSV
GSV
GSV
GSV
GSA
VTG
RMC
GGA
GSV
GSV
GSV
GSV
GSV
GSV
GSV
GSA
VTG
RMC
GGA
GSV
GSV
GSV
GSV
GSV
GSV
GSV
GSA
VTG
RMC
GGA
GSV
GSV
GSV
GSV
GSV
GSV
GSV
GSA
VTG
RMC
GGA
GSV
GSV
GSV
GSV
GSV
GSV
GSV
GSA
VTG
RMC
GGA
GSV
GSV
GSV
GSV
GSV
GSV
GSV
GSA
VTG
RMC
GGA
GSV
GSV
GSV
GSV
GSV
GSV
GSV
GSA
VTG
RMC
GGA
GSV
GSV
GSV
GSV
GSV
GSV
GSV
GSA
VTG
RMC
GGA
GSV
GSV
GSV
GSV
GSV
GSV
GSV
GSA
VTG
RMC
GGA
GSV
GSV
GSV
GSV
GSV
GSV
GSV
GSA
VTG
RMC
GGA
GSV
GSV
GSV
GSV
GSV
GSV
GSV
GSA
VTG
RMC
GGA
GSV
GSV
GSV
GSV
GSV
GSV
GSV
GSA
VTG
RMC
GGA
GSV
GSV
GSV
GSV
GSV
GSV
GSV
GSA
VTG
RMC
GGA
GSV
GSV
GSV
GSV
GSV
GSV
GSV
GSA
VTG
RMC
GGA
GSV
GSV
GSV
GSV
GSV
GSV
GSV
GSA
VTG
RMC
GGA
GSV
GSV
GSV
GSV
GSV
GSV
GSV
GSA
VTG
RMC
GGA
GSV
GSV
GSV
GSV
GSV
GSV
GSV
GSA
VTG
RMC
GGA
GSV
GSV
GSV
GSV
GSV
GSV
GSV
GSA
VTG
RMC
GGA
GSV
GSV
GSV
GSV
GSV
GSV
GSV
GSA
VTG
RMC
GGA
GSV
GSV
GSV
GSV
GSV
GSV
GSV
GSA
VTG
RMC
GGA
GSV
GSV
GSV
GSV
GSV
GSV
GSV
GSA
VTG
RMC
GGA
GSV
GSV
GSV
GSV
GSV
GSV
GSV
GSA
VTG
RMC
GGA
GSV
GSV
GSV
GSV
GSV
GSV
GSV
GSA
VTG
RMC
GGA
GSV
GSV
GSV
GSV
GSV
GSV
GSV
GSA
VTG
RMC
GGA
GSV
GSV
GSV
GSV
GSV
GSV
GSV
GSA
VTG
RMC
GGA
GSV
GSV
GSV
GSV
GSV
GSV
GSV
GSA
VTG
RMC
GGA
